Archive member included to satisfy reference by file (symbol)

d:/program files (x86)/stmicroelectronics/stm32cubeide_1.4.0/stm32cubeide/plugins/com.st.stm32cube.ide.mcu.externaltools.gnu-tools-for-stm32.10.3-2021.10.win32_1.0.0.202111181127/tools/bin/../lib/gcc/arm-none-eabi/10.3.1/../../../../arm-none-eabi/lib/thumb/v7e-m+dp/hard\libc_nano.a(lib_a-errno.o)
                              ./Core/Src/syscalls.o (__errno)
d:/program files (x86)/stmicroelectronics/stm32cubeide_1.4.0/stm32cubeide/plugins/com.st.stm32cube.ide.mcu.externaltools.gnu-tools-for-stm32.10.3-2021.10.win32_1.0.0.202111181127/tools/bin/../lib/gcc/arm-none-eabi/10.3.1/../../../../arm-none-eabi/lib/thumb/v7e-m+dp/hard\libc_nano.a(lib_a-exit.o)
                              d:/program files (x86)/stmicroelectronics/stm32cubeide_1.4.0/stm32cubeide/plugins/com.st.stm32cube.ide.mcu.externaltools.gnu-tools-for-stm32.10.3-2021.10.win32_1.0.0.202111181127/tools/bin/../lib/gcc/arm-none-eabi/10.3.1/../../../../arm-none-eabi/lib/thumb/v7e-m+dp/hard/crt0.o (exit)
d:/program files (x86)/stmicroelectronics/stm32cubeide_1.4.0/stm32cubeide/plugins/com.st.stm32cube.ide.mcu.externaltools.gnu-tools-for-stm32.10.3-2021.10.win32_1.0.0.202111181127/tools/bin/../lib/gcc/arm-none-eabi/10.3.1/../../../../arm-none-eabi/lib/thumb/v7e-m+dp/hard\libc_nano.a(lib_a-impure.o)
                              d:/program files (x86)/stmicroelectronics/stm32cubeide_1.4.0/stm32cubeide/plugins/com.st.stm32cube.ide.mcu.externaltools.gnu-tools-for-stm32.10.3-2021.10.win32_1.0.0.202111181127/tools/bin/../lib/gcc/arm-none-eabi/10.3.1/../../../../arm-none-eabi/lib/thumb/v7e-m+dp/hard\libc_nano.a(lib_a-exit.o) (_global_impure_ptr)
d:/program files (x86)/stmicroelectronics/stm32cubeide_1.4.0/stm32cubeide/plugins/com.st.stm32cube.ide.mcu.externaltools.gnu-tools-for-stm32.10.3-2021.10.win32_1.0.0.202111181127/tools/bin/../lib/gcc/arm-none-eabi/10.3.1/../../../../arm-none-eabi/lib/thumb/v7e-m+dp/hard\libc_nano.a(lib_a-init.o)
                              d:/program files (x86)/stmicroelectronics/stm32cubeide_1.4.0/stm32cubeide/plugins/com.st.stm32cube.ide.mcu.externaltools.gnu-tools-for-stm32.10.3-2021.10.win32_1.0.0.202111181127/tools/bin/../lib/gcc/arm-none-eabi/10.3.1/../../../../arm-none-eabi/lib/thumb/v7e-m+dp/hard/crt0.o (__libc_init_array)
d:/program files (x86)/stmicroelectronics/stm32cubeide_1.4.0/stm32cubeide/plugins/com.st.stm32cube.ide.mcu.externaltools.gnu-tools-for-stm32.10.3-2021.10.win32_1.0.0.202111181127/tools/bin/../lib/gcc/arm-none-eabi/10.3.1/../../../../arm-none-eabi/lib/thumb/v7e-m+dp/hard\libc_nano.a(lib_a-memset.o)
                              d:/program files (x86)/stmicroelectronics/stm32cubeide_1.4.0/stm32cubeide/plugins/com.st.stm32cube.ide.mcu.externaltools.gnu-tools-for-stm32.10.3-2021.10.win32_1.0.0.202111181127/tools/bin/../lib/gcc/arm-none-eabi/10.3.1/../../../../arm-none-eabi/lib/thumb/v7e-m+dp/hard/crt0.o (memset)
d:/program files (x86)/stmicroelectronics/stm32cubeide_1.4.0/stm32cubeide/plugins/com.st.stm32cube.ide.mcu.externaltools.gnu-tools-for-stm32.10.3-2021.10.win32_1.0.0.202111181127/tools/bin/../lib/gcc/arm-none-eabi/10.3.1/../../../../arm-none-eabi/lib/thumb/v7e-m+dp/hard\libc_nano.a(lib_a-sprintf.o)
                              ./Core/Src/main.o (sprintf)
d:/program files (x86)/stmicroelectronics/stm32cubeide_1.4.0/stm32cubeide/plugins/com.st.stm32cube.ide.mcu.externaltools.gnu-tools-for-stm32.10.3-2021.10.win32_1.0.0.202111181127/tools/bin/../lib/gcc/arm-none-eabi/10.3.1/../../../../arm-none-eabi/lib/thumb/v7e-m+dp/hard\libc_nano.a(lib_a-strlen.o)
                              ./Core/Src/main.o (strlen)
d:/program files (x86)/stmicroelectronics/stm32cubeide_1.4.0/stm32cubeide/plugins/com.st.stm32cube.ide.mcu.externaltools.gnu-tools-for-stm32.10.3-2021.10.win32_1.0.0.202111181127/tools/bin/../lib/gcc/arm-none-eabi/10.3.1/../../../../arm-none-eabi/lib/thumb/v7e-m+dp/hard\libc_nano.a(lib_a-nano-svfprintf.o)
                              d:/program files (x86)/stmicroelectronics/stm32cubeide_1.4.0/stm32cubeide/plugins/com.st.stm32cube.ide.mcu.externaltools.gnu-tools-for-stm32.10.3-2021.10.win32_1.0.0.202111181127/tools/bin/../lib/gcc/arm-none-eabi/10.3.1/../../../../arm-none-eabi/lib/thumb/v7e-m+dp/hard\libc_nano.a(lib_a-sprintf.o) (_svfprintf_r)
d:/program files (x86)/stmicroelectronics/stm32cubeide_1.4.0/stm32cubeide/plugins/com.st.stm32cube.ide.mcu.externaltools.gnu-tools-for-stm32.10.3-2021.10.win32_1.0.0.202111181127/tools/bin/../lib/gcc/arm-none-eabi/10.3.1/../../../../arm-none-eabi/lib/thumb/v7e-m+dp/hard\libc_nano.a(lib_a-nano-vfprintf_i.o)
                              d:/program files (x86)/stmicroelectronics/stm32cubeide_1.4.0/stm32cubeide/plugins/com.st.stm32cube.ide.mcu.externaltools.gnu-tools-for-stm32.10.3-2021.10.win32_1.0.0.202111181127/tools/bin/../lib/gcc/arm-none-eabi/10.3.1/../../../../arm-none-eabi/lib/thumb/v7e-m+dp/hard\libc_nano.a(lib_a-nano-svfprintf.o) (_printf_i)
[...]
Memory Configuration

Name             Origin             Length             Attributes
DTCMRAM          0x0000000020000000 0x0000000000020000 xrw
ITCMRAM          0x0000000000000000 0x0000000000010000 xrw
RAM_D1           0x0000000024000000 0x0000000000080000 xrw
RAM_D2           0x0000000030000000 0x0000000000048000 xrw
RAM_D3           0x0000000038000000 0x0000000000010000 xrw
FLASH            0x0000000008000000 0x0000000000200000 xr
*default*        0x0000000000000000 0xffffffffffffffff

Linker script and memory map

LOAD d:/program files (x86)/stmicroelectronics/stm32cubeide_1.4.0/stm32cubeide/plugins/com.st.stm32cube.ide.mcu.externaltools.gnu-tools-for-stm32.10.3-2021.10.win32_1.0.0.202111181127/tools/bin/../lib/gcc/arm-none-eabi/10.3.1/thumb/v7e-m+dp/hard/crti.o
LOAD d:/program files (x86)/stmicroelectronics/stm32cubeide_1.4.0/stm32cubeide/plugins/com.st.stm32cube.ide.mcu.externaltools.gnu-tools-for-stm32.10.3-2021.10.win32_1.0.0.202111181127/tools/bin/../lib/gcc/arm-none-eabi/10.3.1/thumb/v7e-m+dp/hard/crtbegin.o
LOAD d:/program files (x86)/stmicroelectronics/stm32cubeide_1.4.0/stm32cubeide/plugins/com.st.stm32cube.ide.mcu.externaltools.gnu-tools-for-stm32.10.3-2021.10.win32_1.0.0.202111181127/tools/bin/../lib/gcc/arm-none-eabi/10.3.1/../../../../arm-none-eabi/lib/thumb/v7e-m+dp/hard/crt0.o
LOAD ./Core/Src/adc.o
LOAD ./Core/Src/dma.o
LOAD ./Core/Src/gpio.o
LOAD ./Core/Src/ltdc.o
LOAD ./Core/Src/main.o
LOAD ./Core/Src/midi.o
LOAD ./Core/Src/pcm3168a.o
LOAD ./Core/Src/qsynth_lib.o
LOAD ./Core/Src/quadspi.o
LOAD ./Core/Src/sai.o
LOAD ./Core/Src/spi.o
LOAD ./Core/Src/stm32h7xx_hal_msp.o
LOAD ./Core/Src/stm32h7xx_it.o
LOAD ./Core/Src/syscalls.o
LOAD ./Core/Src/sysmem.o
LOAD ./Core/Src/system_stm32h7xx.o
LOAD ./Core/Src/tim.o
LOAD ./Core/Src/usart.o
LOAD ./Core/Src/usb_otg.o
LOAD ./Core/Startup/startup_stm32h743zitx.o
LOAD ./Drivers/STM32H7xx_HAL_Driver/Src/stm32h7xx_hal.o
LOAD ./Drivers/STM32H7xx_HAL_Driver/Src/stm32h7xx_hal_adc.o
LOAD ./Drivers/STM32H7xx_HAL_Driver/Src/stm32h7xx_hal_adc_ex.o
LOAD ./Drivers/STM32H7xx_HAL_Driver/Src/stm32h7xx_hal_cortex.o
LOAD ./Drivers/STM32H7xx_HAL_Driver/Src/stm32h7xx_hal_dma.o
LOAD ./Drivers/STM32H7xx_HAL_Driver/Src/stm32h7xx_hal_dma_ex.o
LOAD ./Drivers/STM32H7xx_HAL_Driver/Src/stm32h7xx_hal_exti.o
LOAD ./Drivers/STM32H7xx_HAL_Driver/Src/stm32h7xx_hal_flash.o
LOAD ./Drivers/STM32H7xx_HAL_Driver/Src/stm32h7xx_hal_flash_ex.o
LOAD ./Drivers/STM32H7xx_HAL_Driver/Src/stm32h7xx_hal_gpio.o
LOAD ./Drivers/STM32H7xx_HAL_Driver/Src/stm32h7xx_hal_hcd.o
LOAD ./Drivers/STM32H7xx_HAL_Driver/Src/stm32h7xx_hal_hsem.o
LOAD ./Drivers/STM32H7xx_HAL_Driver/Src/stm32h7xx_hal_i2c.o
LOAD ./Drivers/STM32H7xx_HAL_Driver/Src/stm32h7xx_hal_i2c_ex.o
LOAD ./Drivers/STM32H7xx_HAL_Driver/Src/stm32h7xx_hal_ltdc.o
LOAD ./Drivers/STM32H7xx_HAL_Driver/Src/stm32h7xx_hal_ltdc_ex.o
LOAD ./Drivers/STM32H7xx_HAL_Driver/Src/stm32h7xx_hal_mdma.o
LOAD ./Drivers/STM32H7xx_HAL_Driver/Src/stm32h7xx_hal_pwr.o
LOAD ./Drivers/STM32H7xx_HAL_Driver/Src/stm32h7xx_hal_pwr_ex.o
LOAD ./Drivers/STM32H7xx_HAL_Driver/Src/stm32h7xx_hal_qspi.o
LOAD ./Drivers/STM32H7xx_HAL_Driver/Src/stm32h7xx_hal_rcc.o
LOAD ./Drivers/STM32H7xx_HAL_Driver/Src/stm32h7xx_hal_rcc_ex.o
LOAD ./Drivers/STM32H7xx_HAL_Driver/Src/stm32h7xx_hal_sai.o
LOAD ./Drivers/STM32H7xx_HAL_Driver/Src/stm32h7xx_hal_sai_ex.o
LOAD ./Drivers/STM32H7xx_HAL_Driver/Src/stm32h7xx_hal_spi.o
LOAD ./Drivers/STM32H7xx_HAL_Driver/Src/stm32h7xx_hal_spi_ex.o
LOAD ./Drivers/STM32H7xx_HAL_Driver/Src/stm32h7xx_hal_tim.o
LOAD ./Drivers/STM32H7xx_HAL_Driver/Src/stm32h7xx_hal_tim_ex.o
LOAD ./Drivers/STM32H7xx_HAL_Driver/Src/stm32h7xx_hal_uart.o
LOAD ./Drivers/STM32H7xx_HAL_Driver/Src/stm32h7xx_hal_uart_ex.o
LOAD ./Drivers/STM32H7xx_HAL_Driver/Src/stm32h7xx_ll_usb.o
START GROUP
LOAD d:/program files (x86)/stmicroelectronics/stm32cubeide_1.4.0/stm32cubeide/plugins/com.st.stm32cube.ide.mcu.externaltools.gnu-tools-for-stm32.10.3-2021.10.win32_1.0.0.202111181127/tools/bin/../lib/gcc/arm-none-eabi/10.3.1/../../../../arm-none-eabi/lib/thumb/v7e-m+dp/hard\libc_nano.a
LOAD d:/program files (x86)/stmicroelectronics/stm32cubeide_1.4.0/stm32cubeide/plugins/com.st.stm32cube.ide.mcu.externaltools.gnu-tools-for-stm32.10.3-2021.10.win32_1.0.0.202111181127/tools/bin/../lib/gcc/arm-none-eabi/10.3.1/../../../../arm-none-eabi/lib/thumb/v7e-m+dp/hard\libm.a
END GROUP
START GROUP
LOAD d:/program files (x86)/stmicroelectronics/stm32cubeide_1.4.0/stm32cubeide/plugins/com.st.stm32cube.ide.mcu.externaltools.gnu-tools-for-stm32.10.3-2021.10.win32_1.0.0.202111181127/tools/bin/../lib/gcc/arm-none-eabi/10.3.1/thumb/v7e-m+dp/hard\libgcc.a
LOAD d:/program files (x86)/stmicroelectronics/stm32cubeide_1.4.0/stm32cubeide/plugins/com.st.stm32cube.ide.mcu.externaltools.gnu-tools-for-stm32.10.3-2021.10.win32_1.0.0.202111181127/tools/bin/../lib/gcc/arm-none-eabi/10.3.1/../../../../arm-none-eabi/lib/thumb/v7e-m+dp/hard\libc_nano.a
END GROUP
START GROUP
LOAD d:/program files (x86)/stmicroelectronics/stm32cubeide_1.4.0/stm32cubeide/plugins/com.st.stm32cube.ide.mcu.externaltools.gnu-tools-for-stm32.10.3-2021.10.win32_1.0.0.202111181127/tools/bin/../lib/gcc/arm-none-eabi/10.3.1/thumb/v7e-m+dp/hard\libgcc.a
LOAD d:/program files (x86)/stmicroelectronics/stm32cubeide_1.4.0/stm32cubeide/plugins/com.st.stm32cube.ide.mcu.externaltools.gnu-tools-for-stm32.10.3-2021.10.win32_1.0.0.202111181127/tools/bin/../lib/gcc/arm-none-eabi/10.3.1/../../../../arm-none-eabi/lib/thumb/v7e-m+dp/hard\libc_nano.a
LOAD d:/program files (x86)/stmicroelectronics/stm32cubeide_1.4.0/stm32cubeide/plugins/com.st.stm32cube.ide.mcu.externaltools.gnu-tools-for-stm32.10.3-2021.10.win32_1.0.0.202111181127/tools/bin/../lib/gcc/arm-none-eabi/10.3.1/../../../../arm-none-eabi/lib/thumb/v7e-m+dp/hard\libnosys.a
END GROUP
START GROUP
LOAD d:/program files (x86)/stmicroelectronics/stm32cubeide_1.4.0/stm32cubeide/plugins/com.st.stm32cube.ide.mcu.externaltools.gnu-tools-for-stm32.10.3-2021.10.win32_1.0.0.202111181127/tools/bin/../lib/gcc/arm-none-eabi/10.3.1/thumb/v7e-m+dp/hard\libgcc.a
LOAD d:/program files (x86)/stmicroelectronics/stm32cubeide_1.4.0/stm32cubeide/plugins/com.st.stm32cube.ide.mcu.externaltools.gnu-tools-for-stm32.10.3-2021.10.win32_1.0.0.202111181127/tools/bin/../lib/gcc/arm-none-eabi/10.3.1/../../../../arm-none-eabi/lib/thumb/v7e-m+dp/hard\libc_nano.a
LOAD d:/program files (x86)/stmicroelectronics/stm32cubeide_1.4.0/stm32cubeide/plugins/com.st.stm32cube.ide.mcu.externaltools.gnu-tools-for-stm32.10.3-2021.10.win32_1.0.0.202111181127/tools/bin/../lib/gcc/arm-none-eabi/10.3.1/../../../../arm-none-eabi/lib/thumb/v7e-m+dp/hard\libnosys.a
END GROUP
LOAD d:/program files (x86)/stmicroelectronics/stm32cubeide_1.4.0/stm32cubeide/plugins/com.st.stm32cube.ide.mcu.externaltools.gnu-tools-for-stm32.10.3-2021.10.win32_1.0.0.202111181127/tools/bin/../lib/gcc/arm-none-eabi/10.3.1/thumb/v7e-m+dp/hard/crtend.o
LOAD d:/program files (x86)/stmicroelectronics/stm32cubeide_1.4.0/stm32cubeide/plugins/com.st.stm32cube.ide.mcu.externaltools.gnu-tools-for-stm32.10.3-2021.10.win32_1.0.0.202111181127/tools/bin/../lib/gcc/arm-none-eabi/10.3.1/thumb/v7e-m+dp/hard/crtn.o
                0x0000000024080000                _estack = (ORIGIN (RAM_D1) + LENGTH (RAM_D1))
                0x0000000000000200                _Min_Heap_Size = 0x200
                0x0000000000000400                _Min_Stack_Size = 0x400

.isr_vector     0x0000000008000000      0x298
                0x0000000008000000                . = ALIGN (0x4)
 *(.isr_vector)
 .isr_vector    0x0000000008000000      0x298 ./Core/Startup/startup_stm32h743zitx.o
                0x0000000008000000                g_pfnVectors
                0x0000000008000298                . = ALIGN (0x4)

.text           0x00000000080002a0    0x11e00
                0x00000000080002a0                . = ALIGN (0x4)
 *(.text)
 .text          0x00000000080002a0       0x40 d:/program files (x86)/stmicroelectronics/stm32cubeide_1.4.0/stm32cubeide/plugins/com.st.stm32cube.ide.mcu.externaltools.gnu-tools-for-stm32.10.3-2021.10.win32_1.0.0.202111181127/tools/bin/../lib/gcc/arm-none-eabi/10.3.1/thumb/v7e-m+dp/hard/crtbegin.o
 .text          0x00000000080002e0       0x10 d:/program files (x86)/stmicroelectronics/stm32cubeide_1.4.0/stm32cubeide/plugins/com.st.stm32cube.ide.mcu.externaltools.gnu-tools-for-stm32.10.3-2021.10.win32_1.0.0.202111181127/tools/bin/../lib/gcc/arm-none-eabi/10.3.1/../../../../arm-none-eabi/lib/thumb/v7e-m+dp/hard\libc_nano.a(lib_a-strlen.o)
                0x00000000080002e0                strlen
 .text          0x00000000080002f0       0xa0 d:/program files (x86)/stmicroelectronics/stm32cubeide_1.4.0/stm32cubeide/plugins/com.st.stm32cube.ide.mcu.externaltools.gnu-tools-for-stm32.10.3-2021.10.win32_1.0.0.202111181127/tools/bin/../lib/gcc/arm-none-eabi/10.3.1/../../../../arm-none-eabi/lib/thumb/v7e-m+dp/hard\libc_nano.a(lib_a-memchr.o)
                0x00000000080002f0                memchr
 .text          0x0000000008000390       0x30 d:/program files (x86)/stmicroelectronics/stm32cubeide_1.4.0/stm32cubeide/plugins/com.st.stm32cube.ide.mcu.externaltools.gnu-tools-for-stm32.10.3-2021.10.win32_1.0.0.202111181127/tools/bin/../lib/gcc/arm-none-eabi/10.3.1/thumb/v7e-m+dp/hard\libgcc.a(_aeabi_uldivmod.o)
                0x0000000008000390                __aeabi_uldivmod
 .text          0x00000000080003c0      0x2d0 d:/program files (x86)/stmicroelectronics/stm32cubeide_1.4.0/stm32cubeide/plugins/com.st.stm32cube.ide.mcu.externaltools.gnu-tools-for-stm32.10.3-2021.10.win32_1.0.0.202111181127/tools/bin/../lib/gcc/arm-none-eabi/10.3.1/thumb/v7e-m+dp/hard\libgcc.a(_udivmoddi4.o)
                0x00000000080003c0                __udivmoddi4
 .text          0x0000000008000690        0x4 d:/program files (x86)/stmicroelectronics/stm32cubeide_1.4.0/stm32cubeide/plugins/com.st.stm32cube.ide.mcu.externaltools.gnu-tools-for-stm32.10.3-2021.10.win32_1.0.0.202111181127/tools/bin/../lib/gcc/arm-none-eabi/10.3.1/thumb/v7e-m+dp/hard\libgcc.a(_dvmd_tls.o)
                0x0000000008000690                __aeabi_idiv0
                0x0000000008000690                __aeabi_ldiv0
 *(.text*)
 .text.MX_ADC3_Init
                0x0000000008000694       0xc0 ./Core/Src/adc.o
                0x0000000008000694                MX_ADC3_Init
 .text.HAL_ADC_MspInit
                0x0000000008000754       0x88 ./Core/Src/adc.o
                0x0000000008000754                HAL_ADC_MspInit
 .text.MX_DMA_Init
                0x00000000080007dc       0x50 ./Core/Src/dma.o
                0x00000000080007dc                MX_DMA_Init
 .text.MX_GPIO_Init
                0x000000000800082c      0x208 ./Core/Src/gpio.o
                0x000000000800082c                MX_GPIO_Init
 .text.MX_LTDC_Init
                0x0000000008000a34      0x164 ./Core/Src/ltdc.o
                0x0000000008000a34                MX_LTDC_Init
 .text.HAL_LTDC_MspInit
                0x0000000008000b98      0x270 ./Core/Src/ltdc.o
                0x0000000008000b98                HAL_LTDC_MspInit
 .text.HAL_SAI_TxHalfCpltCallback
                0x0000000008000e08       0x28 ./Core/Src/main.o
                0x0000000008000e08                HAL_SAI_TxHalfCpltCallback
 .text.HAL_SAI_TxCpltCallback
                0x0000000008000e30       0x38 ./Core/Src/main.o
                0x0000000008000e30                HAL_SAI_TxCpltCallback
 .text.HAL_SAI_RxCpltCallback
                0x0000000008000e68       0x16 ./Core/Src/main.o
                0x0000000008000e68                HAL_SAI_RxCpltCallback
 .text.HAL_SAI_RxHalfCpltCallback
                0x0000000008000e7e       0x16 ./Core/Src/main.o
                0x0000000008000e7e                HAL_SAI_RxHalfCpltCallback
 .text.main     0x0000000008000e94      0x758 ./Core/Src/main.o
                0x0000000008000e94                main
 .text.SystemClock_Config
                0x00000000080015ec      0x108 ./Core/Src/main.o
                0x00000000080015ec                SystemClock_Config
 .text.PeriphCommonClock_Config
                0x00000000080016f4       0x98 ./Core/Src/main.o
                0x00000000080016f4                PeriphCommonClock_Config
 .text.Error_Handler
                0x000000000800178c       0x14 ./Core/Src/main.o
                0x000000000800178c                Error_Handler
 .text.HAL_UART_RxCpltCallback
                0x00000000080017a0       0x5c ./Core/Src/main.o
                0x00000000080017a0                HAL_UART_RxCpltCallback
 .text.console  0x00000000080017fc       0x3c ./Core/Src/main.o
                0x00000000080017fc                console
 .text.HAL_TIM_PeriodElapsedCallback
                0x0000000008001838       0x28 ./Core/Src/main.o
                0x0000000008001838                HAL_TIM_PeriodElapsedCallback
 .text.HAL_ADC_ConvCpltCallback
                0x0000000008001860       0x30 ./Core/Src/main.o
                0x0000000008001860                HAL_ADC_ConvCpltCallback
 .text.midi_init
                0x0000000008001890       0x78 ./Core/Src/midi.o
                0x0000000008001890                midi_init
 .text.midi_update
                0x0000000008001908      0x1dc ./Core/Src/midi.o
                0x0000000008001908                midi_update
 .text.midi_note_push
                0x0000000008001ae4       0x7c ./Core/Src/midi.o
                0x0000000008001ae4                midi_note_push
 .text.midi_note_pop
                0x0000000008001b60       0xb0 ./Core/Src/midi.o
                0x0000000008001b60                midi_note_pop
 .text.pcm3168a_read_reg
                0x0000000008001c10       0x38 ./Core/Src/pcm3168a.o
                0x0000000008001c10                pcm3168a_read_reg
 .text.pcm3168a_write_reg
                0x0000000008001c48       0x34 ./Core/Src/pcm3168a.o
                0x0000000008001c48                pcm3168a_write_reg
 .text.osc_step
                0x0000000008001c7c      0x11e ./Core/Src/qsynth_lib.o
                0x0000000008001c7c                osc_step
 .text.adsr_init
                0x0000000008001d9a       0x42 ./Core/Src/qsynth_lib.o
                0x0000000008001d9a                adsr_init
 .text.adsr_step
                0x0000000008001ddc      0x470 ./Core/Src/qsynth_lib.o
                0x0000000008001ddc                adsr_step
 .text.adsr_time_to_ratio
                0x000000000800224c      0x11c ./Core/Src/qsynth_lib.o
                0x000000000800224c                adsr_time_to_ratio
 .text.MX_QUADSPI_Init
                0x0000000008002368       0x58 ./Core/Src/quadspi.o
                0x0000000008002368                MX_QUADSPI_Init
 .text.HAL_QSPI_MspInit
                0x00000000080023c0      0x168 ./Core/Src/quadspi.o
                0x00000000080023c0                HAL_QSPI_MspInit
 .text.MX_SAI1_Init
                0x0000000008002528       0xd8 ./Core/Src/sai.o
                0x0000000008002528                MX_SAI1_Init
 .text.HAL_SAI_MspInit
                0x0000000008002600      0x23c ./Core/Src/sai.o
                0x0000000008002600                HAL_SAI_MspInit
 .text.MX_SPI1_Init
                0x000000000800283c       0xac ./Core/Src/spi.o
                0x000000000800283c                MX_SPI1_Init
 .text.MX_SPI4_Init
                0x00000000080028e8       0xac ./Core/Src/spi.o
                0x00000000080028e8                MX_SPI4_Init
 .text.HAL_SPI_MspInit
                0x0000000008002994      0x148 ./Core/Src/spi.o
                0x0000000008002994                HAL_SPI_MspInit
 .text.HAL_MspInit
                0x0000000008002adc       0x34 ./Core/Src/stm32h7xx_hal_msp.o
                0x0000000008002adc                HAL_MspInit
 .text.NMI_Handler
                0x0000000008002b10        0x6 ./Core/Src/stm32h7xx_it.o
                0x0000000008002b10                NMI_Handler
 .text.HardFault_Handler
                0x0000000008002b16        0x6 ./Core/Src/stm32h7xx_it.o
                0x0000000008002b16                HardFault_Handler
 .text.MemManage_Handler
                0x0000000008002b1c        0x6 ./Core/Src/stm32h7xx_it.o
                0x0000000008002b1c                MemManage_Handler
 .text.BusFault_Handler
                0x0000000008002b22        0x6 ./Core/Src/stm32h7xx_it.o
                0x0000000008002b22                BusFault_Handler
 .text.UsageFault_Handler
                0x0000000008002b28        0x6 ./Core/Src/stm32h7xx_it.o
                0x0000000008002b28                UsageFault_Handler
 .text.SVC_Handler
                0x0000000008002b2e        0xe ./Core/Src/stm32h7xx_it.o
                0x0000000008002b2e                SVC_Handler
 .text.DebugMon_Handler
                0x0000000008002b3c        0xe ./Core/Src/stm32h7xx_it.o
                0x0000000008002b3c                DebugMon_Handler
 .text.PendSV_Handler
                0x0000000008002b4a        0xe ./Core/Src/stm32h7xx_it.o
                0x0000000008002b4a                PendSV_Handler
 .text.SysTick_Handler
                0x0000000008002b58        0xc ./Core/Src/stm32h7xx_it.o
                0x0000000008002b58                SysTick_Handler
 .text.DMA1_Stream0_IRQHandler
                0x0000000008002b64       0x14 ./Core/Src/stm32h7xx_it.o
                0x0000000008002b64                DMA1_Stream0_IRQHandler
 .text.DMA1_Stream1_IRQHandler
                0x0000000008002b78       0x14 ./Core/Src/stm32h7xx_it.o
                0x0000000008002b78                DMA1_Stream1_IRQHandler
 .text.TIM2_IRQHandler
                0x0000000008002b8c       0x14 ./Core/Src/stm32h7xx_it.o
                0x0000000008002b8c                TIM2_IRQHandler
 .text.UART4_IRQHandler
                0x0000000008002ba0       0x14 ./Core/Src/stm32h7xx_it.o
                0x0000000008002ba0                UART4_IRQHandler
 .text.UART5_IRQHandler
                0x0000000008002bb4       0x14 ./Core/Src/stm32h7xx_it.o
                0x0000000008002bb4                UART5_IRQHandler
 .text.ADC3_IRQHandler
                0x0000000008002bc8       0x14 ./Core/Src/stm32h7xx_it.o
                0x0000000008002bc8                ADC3_IRQHandler
 .text._sbrk    0x0000000008002bdc       0x6c ./Core/Src/sysmem.o
                0x0000000008002bdc                _sbrk
 .text.SystemInit
                0x0000000008002c48      0x118 ./Core/Src/system_stm32h7xx.o
                0x0000000008002c48                SystemInit
 .text.MX_TIM2_Init
                0x0000000008002d60       0xe8 ./Core/Src/tim.o
                0x0000000008002d60                MX_TIM2_Init
 .text.HAL_TIM_Base_MspInit
                0x0000000008002e48       0x4c ./Core/Src/tim.o
                0x0000000008002e48                HAL_TIM_Base_MspInit
 .text.MX_UART4_Init
                0x0000000008002e94       0x9c ./Core/Src/usart.o
                0x0000000008002e94                MX_UART4_Init
 .text.MX_UART5_Init
                0x0000000008002f30       0x98 ./Core/Src/usart.o
                0x0000000008002f30                MX_UART5_Init
 .text.HAL_UART_MspInit
                0x0000000008002fc8      0x164 ./Core/Src/usart.o
                0x0000000008002fc8                HAL_UART_MspInit
 .text.MX_USB_OTG_FS_HCD_Init
                0x000000000800312c       0x44 ./Core/Src/usb_otg.o
                0x000000000800312c                MX_USB_OTG_FS_HCD_Init
 .text.HAL_HCD_MspInit
                0x0000000008003170       0x98 ./Core/Src/usb_otg.o
                0x0000000008003170                HAL_HCD_MspInit
 .text.Reset_Handler
                0x0000000008003208       0x50 ./Core/Startup/startup_stm32h743zitx.o
                0x0000000008003208                Reset_Handler
 .text.Default_Handler
                0x0000000008003258        0x2 ./Core/Startup/startup_stm32h743zitx.o
                0x0000000008003258                RTC_Alarm_IRQHandler
                0x0000000008003258                EXTI2_IRQHandler
                0x0000000008003258                TIM8_CC_IRQHandler
                0x0000000008003258                HRTIM1_Master_IRQHandler
                0x0000000008003258                UART8_IRQHandler
                0x0000000008003258                SPI4_IRQHandler
                0x0000000008003258                TIM1_CC_IRQHandler
                0x0000000008003258                BDMA_Channel6_IRQHandler
                0x0000000008003258                DMA2_Stream5_IRQHandler
                0x0000000008003258                HRTIM1_FLT_IRQHandler
                0x0000000008003258                JPEG_IRQHandler
                0x0000000008003258                DMA1_Stream5_IRQHandler
                0x0000000008003258                BDMA_Channel1_IRQHandler
                0x0000000008003258                HRTIM1_TIMD_IRQHandler
                0x0000000008003258                TAMP_STAMP_IRQHandler
                0x0000000008003258                EXTI3_IRQHandler
                0x0000000008003258                LPTIM4_IRQHandler
                0x0000000008003258                TIM8_TRG_COM_TIM14_IRQHandler
                0x0000000008003258                LPTIM2_IRQHandler
                0x0000000008003258                DFSDM1_FLT1_IRQHandler
                0x0000000008003258                DMAMUX2_OVR_IRQHandler
                0x0000000008003258                TIM8_UP_TIM13_IRQHandler
                0x0000000008003258                I2C3_ER_IRQHandler
                0x0000000008003258                DFSDM1_FLT2_IRQHandler
                0x0000000008003258                MDMA_IRQHandler
                0x0000000008003258                LPTIM3_IRQHandler
                0x0000000008003258                HSEM1_IRQHandler
                0x0000000008003258                EXTI0_IRQHandler
                0x0000000008003258                I2C2_EV_IRQHandler
                0x0000000008003258                DMA1_Stream2_IRQHandler
                0x0000000008003258                FPU_IRQHandler
                0x0000000008003258                OTG_HS_WKUP_IRQHandler
                0x0000000008003258                FDCAN1_IT1_IRQHandler
                0x0000000008003258                LTDC_ER_IRQHandler
                0x0000000008003258                DMA2_Stream2_IRQHandler
                0x0000000008003258                HRTIM1_TIME_IRQHandler
                0x0000000008003258                SPI1_IRQHandler
                0x0000000008003258                TIM6_DAC_IRQHandler
                0x0000000008003258                DCMI_IRQHandler
                0x0000000008003258                HRTIM1_TIMC_IRQHandler
                0x0000000008003258                DMA2_Stream3_IRQHandler
                0x0000000008003258                SAI2_IRQHandler
                0x0000000008003258                DFSDM1_FLT3_IRQHandler
                0x0000000008003258                USART6_IRQHandler
                0x0000000008003258                TIM17_IRQHandler
                0x0000000008003258                USART3_IRQHandler
                0x0000000008003258                BDMA_Channel7_IRQHandler
                0x0000000008003258                LPTIM5_IRQHandler
                0x0000000008003258                DMA2_Stream0_IRQHandler
                0x0000000008003258                TIM4_IRQHandler
                0x0000000008003258                BDMA_Channel2_IRQHandler
                0x0000000008003258                QUADSPI_IRQHandler
                0x0000000008003258                I2C1_EV_IRQHandler
                0x0000000008003258                DMA1_Stream6_IRQHandler
                0x0000000008003258                DMAMUX1_OVR_IRQHandler
                0x0000000008003258                TIM16_IRQHandler
                0x0000000008003258                BDMA_Channel5_IRQHandler
                0x0000000008003258                TIM3_IRQHandler
                0x0000000008003258                RCC_IRQHandler
                0x0000000008003258                TIM8_BRK_TIM12_IRQHandler
                0x0000000008003258                TIM1_TRG_COM_IRQHandler
                0x0000000008003258                Default_Handler
                0x0000000008003258                ECC_IRQHandler
                0x0000000008003258                CEC_IRQHandler
                0x0000000008003258                EXTI15_10_IRQHandler
                0x0000000008003258                BDMA_Channel0_IRQHandler
                0x0000000008003258                ADC_IRQHandler
                0x0000000008003258                DMA1_Stream7_IRQHandler
                0x0000000008003258                HRTIM1_TIMA_IRQHandler
                0x0000000008003258                SPI5_IRQHandler
                0x0000000008003258                TIM7_IRQHandler
                0x0000000008003258                SDMMC1_IRQHandler
                0x0000000008003258                TIM5_IRQHandler
                0x0000000008003258                DMA2_Stream7_IRQHandler
                0x0000000008003258                TIM15_IRQHandler
                0x0000000008003258                PVD_AVD_IRQHandler
                0x0000000008003258                I2C3_EV_IRQHandler
                0x0000000008003258                EXTI9_5_IRQHandler
                0x0000000008003258                RTC_WKUP_IRQHandler
                0x0000000008003258                LTDC_IRQHandler
                0x0000000008003258                SAI3_IRQHandler
                0x0000000008003258                ETH_WKUP_IRQHandler
                0x0000000008003258                SPDIF_RX_IRQHandler
                0x0000000008003258                SPI2_IRQHandler
                0x0000000008003258                OTG_HS_EP1_IN_IRQHandler
                0x0000000008003258                CRS_IRQHandler
                0x0000000008003258                EXTI4_IRQHandler
                0x0000000008003258                RNG_IRQHandler
                0x0000000008003258                HRTIM1_TIMB_IRQHandler
                0x0000000008003258                FDCAN2_IT1_IRQHandler
                0x0000000008003258                ETH_IRQHandler
                0x0000000008003258                TIM1_UP_IRQHandler
                0x0000000008003258                BDMA_Channel4_IRQHandler
                0x0000000008003258                OTG_HS_EP1_OUT_IRQHandler
                0x0000000008003258                WWDG_IRQHandler
                0x0000000008003258                SPI6_IRQHandler
                0x0000000008003258                MDIOS_IRQHandler
                0x0000000008003258                I2C4_EV_IRQHandler
                0x0000000008003258                FDCAN2_IT0_IRQHandler
                0x0000000008003258                LPUART1_IRQHandler
                0x0000000008003258                FDCAN1_IT0_IRQHandler
                0x0000000008003258                OTG_FS_WKUP_IRQHandler
                0x0000000008003258                OTG_HS_IRQHandler
                0x0000000008003258                DMA2D_IRQHandler
                0x0000000008003258                TIM1_BRK_IRQHandler
                0x0000000008003258                EXTI1_IRQHandler
                0x0000000008003258                SDMMC2_IRQHandler
                0x0000000008003258                OTG_FS_EP1_OUT_IRQHandler
                0x0000000008003258                BDMA_Channel3_IRQHandler
                0x0000000008003258                UART7_IRQHandler
                0x0000000008003258                MDIOS_WKUP_IRQHandler
                0x0000000008003258                USART2_IRQHandler
                0x0000000008003258                DFSDM1_FLT0_IRQHandler
                0x0000000008003258                SAI4_IRQHandler
                0x0000000008003258                I2C2_ER_IRQHandler
                0x0000000008003258                DMA2_Stream1_IRQHandler
                0x0000000008003258                FLASH_IRQHandler
                0x0000000008003258                DMA2_Stream4_IRQHandler
                0x0000000008003258                USART1_IRQHandler
                0x0000000008003258                OTG_FS_IRQHandler
                0x0000000008003258                SPI3_IRQHandler
                0x0000000008003258                WAKEUP_PIN_IRQHandler
                0x0000000008003258                DMA1_Stream4_IRQHandler
                0x0000000008003258                OTG_FS_EP1_IN_IRQHandler
                0x0000000008003258                I2C1_ER_IRQHandler
                0x0000000008003258                FMC_IRQHandler
                0x0000000008003258                FDCAN_CAL_IRQHandler
                0x0000000008003258                SWPMI1_IRQHandler
                0x0000000008003258                COMP1_IRQHandler
                0x0000000008003258                LPTIM1_IRQHandler
                0x0000000008003258                I2C4_ER_IRQHandler
                0x0000000008003258                DMA2_Stream6_IRQHandler
                0x0000000008003258                SAI1_IRQHandler
                0x0000000008003258                DMA1_Stream3_IRQHandler
 *fill*         0x000000000800325a        0x2 
 .text.HAL_Init
                0x000000000800325c       0x78 ./Drivers/STM32H7xx_HAL_Driver/Src/stm32h7xx_hal.o
                0x000000000800325c                HAL_Init
 .text.HAL_InitTick
                0x00000000080032d4       0x6c ./Drivers/STM32H7xx_HAL_Driver/Src/stm32h7xx_hal.o
                0x00000000080032d4                HAL_InitTick
 .text.HAL_IncTick
                0x0000000008003340       0x28 ./Drivers/STM32H7xx_HAL_Driver/Src/stm32h7xx_hal.o
                0x0000000008003340                HAL_IncTick
 .text.HAL_GetTick
                0x0000000008003368       0x18 ./Drivers/STM32H7xx_HAL_Driver/Src/stm32h7xx_hal.o
                0x0000000008003368                HAL_GetTick
 .text.HAL_Delay
                0x0000000008003380       0x48 ./Drivers/STM32H7xx_HAL_Driver/Src/stm32h7xx_hal.o
                0x0000000008003380                HAL_Delay
 .text.HAL_GetREVID
                0x00000000080033c8       0x18 ./Drivers/STM32H7xx_HAL_Driver/Src/stm32h7xx_hal.o
                0x00000000080033c8                HAL_GetREVID
 .text.HAL_SYSCFG_AnalogSwitchConfig
                0x00000000080033e0       0x2c ./Drivers/STM32H7xx_HAL_Driver/Src/stm32h7xx_hal.o
                0x00000000080033e0                HAL_SYSCFG_AnalogSwitchConfig
 .text.LL_ADC_SetCommonClock
                0x000000000800340c       0x26 ./Drivers/STM32H7xx_HAL_Driver/Src/stm32h7xx_hal_adc.o
 .text.LL_ADC_SetCommonPathInternalCh
                0x0000000008003432       0x26 ./Drivers/STM32H7xx_HAL_Driver/Src/stm32h7xx_hal_adc.o
 .text.LL_ADC_GetCommonPathInternalCh
                0x0000000008003458       0x1c ./Drivers/STM32H7xx_HAL_Driver/Src/stm32h7xx_hal_adc.o
 .text.LL_ADC_SetOffset
                0x0000000008003474       0x40 ./Drivers/STM32H7xx_HAL_Driver/Src/stm32h7xx_hal_adc.o
 .text.LL_ADC_SetDataRightShift
                0x00000000080034b4       0x32 ./Drivers/STM32H7xx_HAL_Driver/Src/stm32h7xx_hal_adc.o
 .text.LL_ADC_SetOffsetSignedSaturation
                0x00000000080034e6       0x36 ./Drivers/STM32H7xx_HAL_Driver/Src/stm32h7xx_hal_adc.o
 .text.LL_ADC_REG_IsTriggerSourceSWStart
                0x000000000800351c       0x26 ./Drivers/STM32H7xx_HAL_Driver/Src/stm32h7xx_hal_adc.o
 .text.LL_ADC_REG_SetSequencerRanks
                0x0000000008003542       0x58 ./Drivers/STM32H7xx_HAL_Driver/Src/stm32h7xx_hal_adc.o
 .text.LL_ADC_INJ_IsTriggerSourceSWStart
                0x000000000800359a       0x26 ./Drivers/STM32H7xx_HAL_Driver/Src/stm32h7xx_hal_adc.o
 .text.LL_ADC_SetChannelSamplingTime
                0x00000000080035c0       0x56 ./Drivers/STM32H7xx_HAL_Driver/Src/stm32h7xx_hal_adc.o
 *fill*         0x0000000008003616        0x2 
 .text.LL_ADC_SetChannelSingleDiff
                0x0000000008003618       0x48 ./Drivers/STM32H7xx_HAL_Driver/Src/stm32h7xx_hal_adc.o
 .text.LL_ADC_GetMultimode
                0x0000000008003660       0x1c ./Drivers/STM32H7xx_HAL_Driver/Src/stm32h7xx_hal_adc.o
 .text.LL_ADC_GetMultiDMATransfer
                0x000000000800367c       0x1c ./Drivers/STM32H7xx_HAL_Driver/Src/stm32h7xx_hal_adc.o
 .text.LL_ADC_DisableDeepPowerDown
                0x0000000008003698       0x24 ./Drivers/STM32H7xx_HAL_Driver/Src/stm32h7xx_hal_adc.o
 .text.LL_ADC_IsDeepPowerDownEnabled
                0x00000000080036bc       0x28 ./Drivers/STM32H7xx_HAL_Driver/Src/stm32h7xx_hal_adc.o
 .text.LL_ADC_EnableInternalRegulator
                0x00000000080036e4       0x28 ./Drivers/STM32H7xx_HAL_Driver/Src/stm32h7xx_hal_adc.o
 .text.LL_ADC_IsInternalRegulatorEnabled
                0x000000000800370c       0x28 ./Drivers/STM32H7xx_HAL_Driver/Src/stm32h7xx_hal_adc.o
 .text.LL_ADC_Enable
                0x0000000008003734       0x28 ./Drivers/STM32H7xx_HAL_Driver/Src/stm32h7xx_hal_adc.o
 .text.LL_ADC_Disable
                0x000000000800375c       0x28 ./Drivers/STM32H7xx_HAL_Driver/Src/stm32h7xx_hal_adc.o
 .text.LL_ADC_IsEnabled
                0x0000000008003784       0x26 ./Drivers/STM32H7xx_HAL_Driver/Src/stm32h7xx_hal_adc.o
 .text.LL_ADC_IsDisableOngoing
                0x00000000080037aa       0x26 ./Drivers/STM32H7xx_HAL_Driver/Src/stm32h7xx_hal_adc.o
 .text.LL_ADC_REG_StartConversion
                0x00000000080037d0       0x28 ./Drivers/STM32H7xx_HAL_Driver/Src/stm32h7xx_hal_adc.o
 .text.LL_ADC_REG_IsConversionOngoing
                0x00000000080037f8       0x26 ./Drivers/STM32H7xx_HAL_Driver/Src/stm32h7xx_hal_adc.o
 .text.LL_ADC_INJ_IsConversionOngoing
                0x000000000800381e       0x26 ./Drivers/STM32H7xx_HAL_Driver/Src/stm32h7xx_hal_adc.o
 .text.HAL_ADC_Init
                0x0000000008003844      0x344 ./Drivers/STM32H7xx_HAL_Driver/Src/stm32h7xx_hal_adc.o
                0x0000000008003844                HAL_ADC_Init
 .text.HAL_ADC_Start_IT
                0x0000000008003b88      0x280 ./Drivers/STM32H7xx_HAL_Driver/Src/stm32h7xx_hal_adc.o
                0x0000000008003b88                HAL_ADC_Start_IT
 .text.HAL_ADC_GetValue
                0x0000000008003e08       0x1a ./Drivers/STM32H7xx_HAL_Driver/Src/stm32h7xx_hal_adc.o
                0x0000000008003e08                HAL_ADC_GetValue
 *fill*         0x0000000008003e22        0x2 
 .text.HAL_ADC_IRQHandler
                0x0000000008003e24      0x474 ./Drivers/STM32H7xx_HAL_Driver/Src/stm32h7xx_hal_adc.o
                0x0000000008003e24                HAL_ADC_IRQHandler
 .text.HAL_ADC_LevelOutOfWindowCallback
                0x0000000008004298       0x14 ./Drivers/STM32H7xx_HAL_Driver/Src/stm32h7xx_hal_adc.o
                0x0000000008004298                HAL_ADC_LevelOutOfWindowCallback
 .text.HAL_ADC_ErrorCallback
                0x00000000080042ac       0x14 ./Drivers/STM32H7xx_HAL_Driver/Src/stm32h7xx_hal_adc.o
                0x00000000080042ac                HAL_ADC_ErrorCallback
 .text.HAL_ADC_ConfigChannel
                0x00000000080042c0      0x6a0 ./Drivers/STM32H7xx_HAL_Driver/Src/stm32h7xx_hal_adc.o
                0x00000000080042c0                HAL_ADC_ConfigChannel
 .text.ADC_Enable
                0x0000000008004960      0x114 ./Drivers/STM32H7xx_HAL_Driver/Src/stm32h7xx_hal_adc.o
                0x0000000008004960                ADC_Enable
 .text.ADC_Disable
                0x0000000008004a74       0xbe ./Drivers/STM32H7xx_HAL_Driver/Src/stm32h7xx_hal_adc.o
                0x0000000008004a74                ADC_Disable
 *fill*         0x0000000008004b32        0x2 
 .text.ADC_ConfigureBoostMode
                0x0000000008004b34      0x214 ./Drivers/STM32H7xx_HAL_Driver/Src/stm32h7xx_hal_adc.o
                0x0000000008004b34                ADC_ConfigureBoostMode
 .text.LL_ADC_StartCalibration
                0x0000000008004d48       0x3c ./Drivers/STM32H7xx_HAL_Driver/Src/stm32h7xx_hal_adc_ex.o
 .text.LL_ADC_IsCalibrationOnGoing
                0x0000000008004d84       0x28 ./Drivers/STM32H7xx_HAL_Driver/Src/stm32h7xx_hal_adc_ex.o
 .text.HAL_ADCEx_Calibration_Start
                0x0000000008004dac       0xc8 ./Drivers/STM32H7xx_HAL_Driver/Src/stm32h7xx_hal_adc_ex.o
                0x0000000008004dac                HAL_ADCEx_Calibration_Start
 .text.HAL_ADCEx_InjectedConvCpltCallback
                0x0000000008004e74       0x14 ./Drivers/STM32H7xx_HAL_Driver/Src/stm32h7xx_hal_adc_ex.o
                0x0000000008004e74                HAL_ADCEx_InjectedConvCpltCallback
 .text.HAL_ADCEx_InjectedQueueOverflowCallback
                0x0000000008004e88       0x14 ./Drivers/STM32H7xx_HAL_Driver/Src/stm32h7xx_hal_adc_ex.o
                0x0000000008004e88                HAL_ADCEx_InjectedQueueOverflowCallback
 .text.HAL_ADCEx_LevelOutOfWindow2Callback
                0x0000000008004e9c       0x14 ./Drivers/STM32H7xx_HAL_Driver/Src/stm32h7xx_hal_adc_ex.o
                0x0000000008004e9c                HAL_ADCEx_LevelOutOfWindow2Callback
 .text.HAL_ADCEx_LevelOutOfWindow3Callback
                0x0000000008004eb0       0x14 ./Drivers/STM32H7xx_HAL_Driver/Src/stm32h7xx_hal_adc_ex.o
                0x0000000008004eb0                HAL_ADCEx_LevelOutOfWindow3Callback
 .text.HAL_ADCEx_EndOfSamplingCallback
                0x0000000008004ec4       0x14 ./Drivers/STM32H7xx_HAL_Driver/Src/stm32h7xx_hal_adc_ex.o
                0x0000000008004ec4                HAL_ADCEx_EndOfSamplingCallback
 .text.__NVIC_SetPriorityGrouping
                0x0000000008004ed8       0x48 ./Drivers/STM32H7xx_HAL_Driver/Src/stm32h7xx_hal_cortex.o
 .text.__NVIC_GetPriorityGrouping
                0x0000000008004f20       0x1c ./Drivers/STM32H7xx_HAL_Driver/Src/stm32h7xx_hal_cortex.o
 .text.__NVIC_EnableIRQ
                0x0000000008004f3c       0x3c ./Drivers/STM32H7xx_HAL_Driver/Src/stm32h7xx_hal_cortex.o
 .text.__NVIC_SetPriority
                0x0000000008004f78       0x54 ./Drivers/STM32H7xx_HAL_Driver/Src/stm32h7xx_hal_cortex.o
 .text.NVIC_EncodePriority
                0x0000000008004fcc       0x66 ./Drivers/STM32H7xx_HAL_Driver/Src/stm32h7xx_hal_cortex.o
 *fill*         0x0000000008005032        0x2 
 .text.SysTick_Config
                0x0000000008005034       0x44 ./Drivers/STM32H7xx_HAL_Driver/Src/stm32h7xx_hal_cortex.o
 .text.HAL_NVIC_SetPriorityGrouping
                0x0000000008005078       0x16 ./Drivers/STM32H7xx_HAL_Driver/Src/stm32h7xx_hal_cortex.o
                0x0000000008005078                HAL_NVIC_SetPriorityGrouping
 .text.HAL_NVIC_SetPriority
                0x000000000800508e       0x34 ./Drivers/STM32H7xx_HAL_Driver/Src/stm32h7xx_hal_cortex.o
                0x000000000800508e                HAL_NVIC_SetPriority
 .text.HAL_NVIC_EnableIRQ
                0x00000000080050c2       0x1c ./Drivers/STM32H7xx_HAL_Driver/Src/stm32h7xx_hal_cortex.o
                0x00000000080050c2                HAL_NVIC_EnableIRQ
 .text.HAL_SYSTICK_Config
                0x00000000080050de       0x18 ./Drivers/STM32H7xx_HAL_Driver/Src/stm32h7xx_hal_cortex.o
                0x00000000080050de                HAL_SYSTICK_Config
 *fill*         0x00000000080050f6        0x2 
 .text.HAL_DMA_Init
                0x00000000080050f8      0x6b8 ./Drivers/STM32H7xx_HAL_Driver/Src/stm32h7xx_hal_dma.o
                0x00000000080050f8                HAL_DMA_Init
 .text.HAL_DMA_Start_IT
                0x00000000080057b0      0x4d4 ./Drivers/STM32H7xx_HAL_Driver/Src/stm32h7xx_hal_dma.o
                0x00000000080057b0                HAL_DMA_Start_IT
 .text.HAL_DMA_Abort
                0x0000000008005c84      0x63c ./Drivers/STM32H7xx_HAL_Driver/Src/stm32h7xx_hal_dma.o
                0x0000000008005c84                HAL_DMA_Abort
 .text.HAL_DMA_Abort_IT
                0x00000000080062c0      0x48c ./Drivers/STM32H7xx_HAL_Driver/Src/stm32h7xx_hal_dma.o
                0x00000000080062c0                HAL_DMA_Abort_IT
 .text.HAL_DMA_IRQHandler
                0x000000000800674c      0xe54 ./Drivers/STM32H7xx_HAL_Driver/Src/stm32h7xx_hal_dma.o
                0x000000000800674c                HAL_DMA_IRQHandler
 .text.HAL_DMA_GetError
                0x00000000080075a0       0x18 ./Drivers/STM32H7xx_HAL_Driver/Src/stm32h7xx_hal_dma.o
                0x00000000080075a0                HAL_DMA_GetError
 .text.DMA_SetConfig
                0x00000000080075b8      0x358 ./Drivers/STM32H7xx_HAL_Driver/Src/stm32h7xx_hal_dma.o
 .text.DMA_CalcBaseAndBitshift
                0x0000000008007910      0x164 ./Drivers/STM32H7xx_HAL_Driver/Src/stm32h7xx_hal_dma.o
 .text.DMA_CheckFifoParam
                0x0000000008007a74       0xf8 ./Drivers/STM32H7xx_HAL_Driver/Src/stm32h7xx_hal_dma.o
 .text.DMA_CalcDMAMUXChannelBaseAndMask
                0x0000000008007b6c      0x134 ./Drivers/STM32H7xx_HAL_Driver/Src/stm32h7xx_hal_dma.o
 .text.DMA_CalcDMAMUXRequestGenBaseAndMask
                0x0000000008007ca0       0xe8 ./Drivers/STM32H7xx_HAL_Driver/Src/stm32h7xx_hal_dma.o
 .text.HAL_GPIO_Init
                0x0000000008007d88      0x360 ./Drivers/STM32H7xx_HAL_Driver/Src/stm32h7xx_hal_gpio.o
                0x0000000008007d88                HAL_GPIO_Init
 .text.HAL_GPIO_WritePin
                0x00000000080080e8       0x32 ./Drivers/STM32H7xx_HAL_Driver/Src/stm32h7xx_hal_gpio.o
                0x00000000080080e8                HAL_GPIO_WritePin
 .text.HAL_GPIO_TogglePin
                0x000000000800811a       0x34 ./Drivers/STM32H7xx_HAL_Driver/Src/stm32h7xx_hal_gpio.o
                0x000000000800811a                HAL_GPIO_TogglePin
 .text.HAL_HCD_Init
                0x000000000800814e       0xc4 ./Drivers/STM32H7xx_HAL_Driver/Src/stm32h7xx_hal_hcd.o
                0x000000000800814e                HAL_HCD_Init
 *fill*         0x0000000008008212        0x2 
 .text.HAL_LTDC_Init
                0x0000000008008214      0x1a0 ./Drivers/STM32H7xx_HAL_Driver/Src/stm32h7xx_hal_ltdc.o
                0x0000000008008214                HAL_LTDC_Init
 .text.HAL_LTDC_ConfigLayer
                0x00000000080083b4       0x7c ./Drivers/STM32H7xx_HAL_Driver/Src/stm32h7xx_hal_ltdc.o
                0x00000000080083b4                HAL_LTDC_ConfigLayer
 .text.LTDC_SetConfig
                0x0000000008008430      0x334 ./Drivers/STM32H7xx_HAL_Driver/Src/stm32h7xx_hal_ltdc.o
 .text.HAL_PWREx_ConfigSupply
                0x0000000008008764       0x74 ./Drivers/STM32H7xx_HAL_Driver/Src/stm32h7xx_hal_pwr_ex.o
                0x0000000008008764                HAL_PWREx_ConfigSupply
 .text.HAL_PWREx_EnableUSBVoltageDetector
                0x00000000080087d8       0x20 ./Drivers/STM32H7xx_HAL_Driver/Src/stm32h7xx_hal_pwr_ex.o
                0x00000000080087d8                HAL_PWREx_EnableUSBVoltageDetector
 .text.HAL_QSPI_Init
                0x00000000080087f8       0xe8 ./Drivers/STM32H7xx_HAL_Driver/Src/stm32h7xx_hal_qspi.o
                0x00000000080087f8                HAL_QSPI_Init
 .text.HAL_QSPI_SetTimeout
                0x00000000080088e0       0x1c ./Drivers/STM32H7xx_HAL_Driver/Src/stm32h7xx_hal_qspi.o
                0x00000000080088e0                HAL_QSPI_SetTimeout
 .text.QSPI_WaitFlagStateUntilTimeout
                0x00000000080088fc       0x6e ./Drivers/STM32H7xx_HAL_Driver/Src/stm32h7xx_hal_qspi.o
 *fill*         0x000000000800896a        0x2 
 .text.HAL_RCC_OscConfig
                0x000000000800896c      0x85c ./Drivers/STM32H7xx_HAL_Driver/Src/stm32h7xx_hal_rcc.o
                0x000000000800896c                HAL_RCC_OscConfig
 .text.HAL_RCC_ClockConfig
                0x00000000080091c8      0x36c ./Drivers/STM32H7xx_HAL_Driver/Src/stm32h7xx_hal_rcc.o
                0x00000000080091c8                HAL_RCC_ClockConfig
 .text.HAL_RCC_GetSysClockFreq
                0x0000000008009534      0x2f4 ./Drivers/STM32H7xx_HAL_Driver/Src/stm32h7xx_hal_rcc.o
                0x0000000008009534                HAL_RCC_GetSysClockFreq
 .text.HAL_RCC_GetHCLKFreq
                0x0000000008009828       0x60 ./Drivers/STM32H7xx_HAL_Driver/Src/stm32h7xx_hal_rcc.o
                0x0000000008009828                HAL_RCC_GetHCLKFreq
 .text.HAL_RCC_GetPCLK1Freq
                0x0000000008009888       0x2c ./Drivers/STM32H7xx_HAL_Driver/Src/stm32h7xx_hal_rcc.o
                0x0000000008009888                HAL_RCC_GetPCLK1Freq
 .text.HAL_RCC_GetPCLK2Freq
                0x00000000080098b4       0x2c ./Drivers/STM32H7xx_HAL_Driver/Src/stm32h7xx_hal_rcc.o
                0x00000000080098b4                HAL_RCC_GetPCLK2Freq
 .text.HAL_RCCEx_PeriphCLKConfig
                0x00000000080098e0      0xe8c ./Drivers/STM32H7xx_HAL_Driver/Src/stm32h7xx_hal_rcc_ex.o
                0x00000000080098e0                HAL_RCCEx_PeriphCLKConfig
 .text.HAL_RCCEx_GetPeriphCLKFreq
                0x000000000800a76c      0x9a4 ./Drivers/STM32H7xx_HAL_Driver/Src/stm32h7xx_hal_rcc_ex.o
                0x000000000800a76c                HAL_RCCEx_GetPeriphCLKFreq
 .text.HAL_RCCEx_GetD3PCLK1Freq
                0x000000000800b110       0x2c ./Drivers/STM32H7xx_HAL_Driver/Src/stm32h7xx_hal_rcc_ex.o
                0x000000000800b110                HAL_RCCEx_GetD3PCLK1Freq
 .text.HAL_RCCEx_GetPLL2ClockFreq
                0x000000000800b13c      0x2a8 ./Drivers/STM32H7xx_HAL_Driver/Src/stm32h7xx_hal_rcc_ex.o
                0x000000000800b13c                HAL_RCCEx_GetPLL2ClockFreq
 .text.HAL_RCCEx_GetPLL3ClockFreq
                0x000000000800b3e4      0x2a8 ./Drivers/STM32H7xx_HAL_Driver/Src/stm32h7xx_hal_rcc_ex.o
                0x000000000800b3e4                HAL_RCCEx_GetPLL3ClockFreq
 .text.HAL_RCCEx_GetPLL1ClockFreq
                0x000000000800b68c      0x2a4 ./Drivers/STM32H7xx_HAL_Driver/Src/stm32h7xx_hal_rcc_ex.o
                0x000000000800b68c                HAL_RCCEx_GetPLL1ClockFreq
 .text.RCCEx_PLL2_Config
                0x000000000800b930      0x164 ./Drivers/STM32H7xx_HAL_Driver/Src/stm32h7xx_hal_rcc_ex.o
 .text.RCCEx_PLL3_Config
                0x000000000800ba94      0x164 ./Drivers/STM32H7xx_HAL_Driver/Src/stm32h7xx_hal_rcc_ex.o
 .text.HAL_SAI_InitProtocol
                0x000000000800bbf8       0x62 ./Drivers/STM32H7xx_HAL_Driver/Src/stm32h7xx_hal_sai.o
                0x000000000800bbf8                HAL_SAI_InitProtocol
 *fill*         0x000000000800bc5a        0x2 
 .text.HAL_SAI_Init
                0x000000000800bc5c      0x540 ./Drivers/STM32H7xx_HAL_Driver/Src/stm32h7xx_hal_sai.o
                0x000000000800bc5c                HAL_SAI_Init
 .text.HAL_SAI_Transmit_DMA
                0x000000000800c19c      0x16c ./Drivers/STM32H7xx_HAL_Driver/Src/stm32h7xx_hal_sai.o
                0x000000000800c19c                HAL_SAI_Transmit_DMA
 .text.HAL_SAI_Receive_DMA
                0x000000000800c308      0x128 ./Drivers/STM32H7xx_HAL_Driver/Src/stm32h7xx_hal_sai.o
                0x000000000800c308                HAL_SAI_Receive_DMA
 .text.HAL_SAI_ErrorCallback
                0x000000000800c430       0x14 ./Drivers/STM32H7xx_HAL_Driver/Src/stm32h7xx_hal_sai.o
                0x000000000800c430                HAL_SAI_ErrorCallback
 .text.SAI_InitI2S
                0x000000000800c444      0x15c ./Drivers/STM32H7xx_HAL_Driver/Src/stm32h7xx_hal_sai.o
 .text.SAI_InitPCM
                0x000000000800c5a0      0x104 ./Drivers/STM32H7xx_HAL_Driver/Src/stm32h7xx_hal_sai.o
 .text.SAI_InterruptFlag
                0x000000000800c6a4       0x6e ./Drivers/STM32H7xx_HAL_Driver/Src/stm32h7xx_hal_sai.o
 *fill*         0x000000000800c712        0x2 
 .text.SAI_Disable
                0x000000000800c714       0x74 ./Drivers/STM32H7xx_HAL_Driver/Src/stm32h7xx_hal_sai.o
 .text.SAI_DMATxCplt
                0x000000000800c788       0x60 ./Drivers/STM32H7xx_HAL_Driver/Src/stm32h7xx_hal_sai.o
 .text.SAI_DMATxHalfCplt
                0x000000000800c7e8       0x1c ./Drivers/STM32H7xx_HAL_Driver/Src/stm32h7xx_hal_sai.o
 .text.SAI_DMARxCplt
                0x000000000800c804       0x60 ./Drivers/STM32H7xx_HAL_Driver/Src/stm32h7xx_hal_sai.o
 .text.SAI_DMARxHalfCplt
                0x000000000800c864       0x1c ./Drivers/STM32H7xx_HAL_Driver/Src/stm32h7xx_hal_sai.o
 .text.SAI_DMAError
                0x000000000800c880       0x5e ./Drivers/STM32H7xx_HAL_Driver/Src/stm32h7xx_hal_sai.o
 *fill*         0x000000000800c8de        0x2 
 .text.HAL_SPI_Init
                0x000000000800c8e0      0x20c ./Drivers/STM32H7xx_HAL_Driver/Src/stm32h7xx_hal_spi.o
                0x000000000800c8e0                HAL_SPI_Init
 .text.HAL_SPI_Transmit
                0x000000000800caec      0x3e4 ./Drivers/STM32H7xx_HAL_Driver/Src/stm32h7xx_hal_spi.o
                0x000000000800caec                HAL_SPI_Transmit
 .text.HAL_SPI_Receive
                0x000000000800ced0      0x338 ./Drivers/STM32H7xx_HAL_Driver/Src/stm32h7xx_hal_spi.o
                0x000000000800ced0                HAL_SPI_Receive
 .text.HAL_SPI_TransmitReceive
                0x000000000800d208      0x450 ./Drivers/STM32H7xx_HAL_Driver/Src/stm32h7xx_hal_spi.o
                0x000000000800d208                HAL_SPI_TransmitReceive
 .text.SPI_CloseTransfer
                0x000000000800d658      0x140 ./Drivers/STM32H7xx_HAL_Driver/Src/stm32h7xx_hal_spi.o
 .text.SPI_WaitOnFlagUntilTimeout
                0x000000000800d798       0x5c ./Drivers/STM32H7xx_HAL_Driver/Src/stm32h7xx_hal_spi.o
 .text.SPI_GetPacketSize
                0x000000000800d7f4       0x36 ./Drivers/STM32H7xx_HAL_Driver/Src/stm32h7xx_hal_spi.o
 .text.HAL_TIM_Base_Init
                0x000000000800d82a       0xae ./Drivers/STM32H7xx_HAL_Driver/Src/stm32h7xx_hal_tim.o
                0x000000000800d82a                HAL_TIM_Base_Init
 .text.HAL_TIM_PWM_Init
                0x000000000800d8d8       0xae ./Drivers/STM32H7xx_HAL_Driver/Src/stm32h7xx_hal_tim.o
                0x000000000800d8d8                HAL_TIM_PWM_Init
 .text.HAL_TIM_PWM_MspInit
                0x000000000800d986       0x14 ./Drivers/STM32H7xx_HAL_Driver/Src/stm32h7xx_hal_tim.o
                0x000000000800d986                HAL_TIM_PWM_MspInit
 *fill*         0x000000000800d99a        0x2 
 .text.HAL_TIM_PWM_Start
                0x000000000800d99c      0x21c ./Drivers/STM32H7xx_HAL_Driver/Src/stm32h7xx_hal_tim.o
                0x000000000800d99c                HAL_TIM_PWM_Start
 .text.HAL_TIM_IRQHandler
                0x000000000800dbb8      0x23e ./Drivers/STM32H7xx_HAL_Driver/Src/stm32h7xx_hal_tim.o
                0x000000000800dbb8                HAL_TIM_IRQHandler
 *fill*         0x000000000800ddf6        0x2 
 .text.HAL_TIM_PWM_ConfigChannel
                0x000000000800ddf8      0x228 ./Drivers/STM32H7xx_HAL_Driver/Src/stm32h7xx_hal_tim.o
                0x000000000800ddf8                HAL_TIM_PWM_ConfigChannel
 .text.HAL_TIM_ConfigClockSource
                0x000000000800e020      0x1f0 ./Drivers/STM32H7xx_HAL_Driver/Src/stm32h7xx_hal_tim.o
                0x000000000800e020                HAL_TIM_ConfigClockSource
 .text.HAL_TIM_OC_DelayElapsedCallback
                0x000000000800e210       0x14 ./Drivers/STM32H7xx_HAL_Driver/Src/stm32h7xx_hal_tim.o
                0x000000000800e210                HAL_TIM_OC_DelayElapsedCallback
 .text.HAL_TIM_IC_CaptureCallback
                0x000000000800e224       0x14 ./Drivers/STM32H7xx_HAL_Driver/Src/stm32h7xx_hal_tim.o
                0x000000000800e224                HAL_TIM_IC_CaptureCallback
 .text.HAL_TIM_PWM_PulseFinishedCallback
                0x000000000800e238       0x14 ./Drivers/STM32H7xx_HAL_Driver/Src/stm32h7xx_hal_tim.o
                0x000000000800e238                HAL_TIM_PWM_PulseFinishedCallback
 .text.HAL_TIM_TriggerCallback
                0x000000000800e24c       0x14 ./Drivers/STM32H7xx_HAL_Driver/Src/stm32h7xx_hal_tim.o
                0x000000000800e24c                HAL_TIM_TriggerCallback
 .text.TIM_Base_SetConfig
                0x000000000800e260      0x134 ./Drivers/STM32H7xx_HAL_Driver/Src/stm32h7xx_hal_tim.o
                0x000000000800e260                TIM_Base_SetConfig
 .text.TIM_OC1_SetConfig
                0x000000000800e394      0x120 ./Drivers/STM32H7xx_HAL_Driver/Src/stm32h7xx_hal_tim.o
 .text.TIM_OC2_SetConfig
                0x000000000800e4b4      0x114 ./Drivers/STM32H7xx_HAL_Driver/Src/stm32h7xx_hal_tim.o
                0x000000000800e4b4                TIM_OC2_SetConfig
 .text.TIM_OC3_SetConfig
                0x000000000800e5c8      0x110 ./Drivers/STM32H7xx_HAL_Driver/Src/stm32h7xx_hal_tim.o
 .text.TIM_OC4_SetConfig
                0x000000000800e6d8       0xd4 ./Drivers/STM32H7xx_HAL_Driver/Src/stm32h7xx_hal_tim.o
 .text.TIM_OC5_SetConfig
                0x000000000800e7ac       0xc8 ./Drivers/STM32H7xx_HAL_Driver/Src/stm32h7xx_hal_tim.o
 .text.TIM_OC6_SetConfig
                0x000000000800e874       0xcc ./Drivers/STM32H7xx_HAL_Driver/Src/stm32h7xx_hal_tim.o
 .text.TIM_TI1_ConfigInputStage
                0x000000000800e940       0x5e ./Drivers/STM32H7xx_HAL_Driver/Src/stm32h7xx_hal_tim.o
 .text.TIM_TI2_ConfigInputStage
                0x000000000800e99e       0x60 ./Drivers/STM32H7xx_HAL_Driver/Src/stm32h7xx_hal_tim.o
 *fill*         0x000000000800e9fe        0x2 
 .text.TIM_ITRx_SetConfig
                0x000000000800ea00       0x3c ./Drivers/STM32H7xx_HAL_Driver/Src/stm32h7xx_hal_tim.o
 .text.TIM_ETR_SetConfig
                0x000000000800ea3c       0x40 ./Drivers/STM32H7xx_HAL_Driver/Src/stm32h7xx_hal_tim.o
                0x000000000800ea3c                TIM_ETR_SetConfig
 .text.TIM_CCxChannelCmd
                0x000000000800ea7c       0x4a ./Drivers/STM32H7xx_HAL_Driver/Src/stm32h7xx_hal_tim.o
                0x000000000800ea7c                TIM_CCxChannelCmd
 *fill*         0x000000000800eac6        0x2 
 .text.HAL_TIMEx_MasterConfigSynchronization
                0x000000000800eac8      0x11c ./Drivers/STM32H7xx_HAL_Driver/Src/stm32h7xx_hal_tim_ex.o
                0x000000000800eac8                HAL_TIMEx_MasterConfigSynchronization
 .text.HAL_TIMEx_CommutCallback
                0x000000000800ebe4       0x14 ./Drivers/STM32H7xx_HAL_Driver/Src/stm32h7xx_hal_tim_ex.o
                0x000000000800ebe4                HAL_TIMEx_CommutCallback
 .text.HAL_TIMEx_BreakCallback
                0x000000000800ebf8       0x14 ./Drivers/STM32H7xx_HAL_Driver/Src/stm32h7xx_hal_tim_ex.o
                0x000000000800ebf8                HAL_TIMEx_BreakCallback
 .text.HAL_TIMEx_Break2Callback
                0x000000000800ec0c       0x14 ./Drivers/STM32H7xx_HAL_Driver/Src/stm32h7xx_hal_tim_ex.o
                0x000000000800ec0c                HAL_TIMEx_Break2Callback
 .text.HAL_UART_Init
                0x000000000800ec20       0xa0 ./Drivers/STM32H7xx_HAL_Driver/Src/stm32h7xx_hal_uart.o
                0x000000000800ec20                HAL_UART_Init
 .text.HAL_UART_Transmit
                0x000000000800ecc0      0x12c ./Drivers/STM32H7xx_HAL_Driver/Src/stm32h7xx_hal_uart.o
                0x000000000800ecc0                HAL_UART_Transmit
 .text.HAL_UART_Receive_IT
                0x000000000800edec       0xac ./Drivers/STM32H7xx_HAL_Driver/Src/stm32h7xx_hal_uart.o
                0x000000000800edec                HAL_UART_Receive_IT
 .text.HAL_UART_IRQHandler
                0x000000000800ee98      0x73c ./Drivers/STM32H7xx_HAL_Driver/Src/stm32h7xx_hal_uart.o
                0x000000000800ee98                HAL_UART_IRQHandler
 .text.HAL_UART_TxCpltCallback
                0x000000000800f5d4       0x14 ./Drivers/STM32H7xx_HAL_Driver/Src/stm32h7xx_hal_uart.o
                0x000000000800f5d4                HAL_UART_TxCpltCallback
 .text.HAL_UART_ErrorCallback
                0x000000000800f5e8       0x14 ./Drivers/STM32H7xx_HAL_Driver/Src/stm32h7xx_hal_uart.o
                0x000000000800f5e8                HAL_UART_ErrorCallback
 .text.HAL_UARTEx_RxEventCallback
                0x000000000800f5fc       0x18 ./Drivers/STM32H7xx_HAL_Driver/Src/stm32h7xx_hal_uart.o
                0x000000000800f5fc                HAL_UARTEx_RxEventCallback
 .text.UART_SetConfig
                0x000000000800f614      0xad0 ./Drivers/STM32H7xx_HAL_Driver/Src/stm32h7xx_hal_uart.o
                0x000000000800f614                UART_SetConfig
 .text.UART_AdvFeatureConfig
                0x00000000080100e4      0x144 ./Drivers/STM32H7xx_HAL_Driver/Src/stm32h7xx_hal_uart.o
                0x00000000080100e4                UART_AdvFeatureConfig
 .text.UART_CheckIdleState
                0x0000000008010228       0x96 ./Drivers/STM32H7xx_HAL_Driver/Src/stm32h7xx_hal_uart.o
                0x0000000008010228                UART_CheckIdleState
 .text.UART_WaitOnFlagUntilTimeout
                0x00000000080102be      0x190 ./Drivers/STM32H7xx_HAL_Driver/Src/stm32h7xx_hal_uart.o
                0x00000000080102be                UART_WaitOnFlagUntilTimeout
 *fill*         0x000000000801044e        0x2 
 .text.UART_Start_Receive_IT
                0x0000000008010450      0x254 ./Drivers/STM32H7xx_HAL_Driver/Src/stm32h7xx_hal_uart.o
                0x0000000008010450                UART_Start_Receive_IT
 .text.UART_EndRxTransfer
                0x00000000080106a4       0xcc ./Drivers/STM32H7xx_HAL_Driver/Src/stm32h7xx_hal_uart.o
 .text.UART_DMAAbortOnError
                0x0000000008010770       0x2c ./Drivers/STM32H7xx_HAL_Driver/Src/stm32h7xx_hal_uart.o
 .text.UART_EndTransmit_IT
                0x000000000801079c       0x56 ./Drivers/STM32H7xx_HAL_Driver/Src/stm32h7xx_hal_uart.o
 .text.UART_RxISR_8BIT
                0x00000000080107f2      0x160 ./Drivers/STM32H7xx_HAL_Driver/Src/stm32h7xx_hal_uart.o
 .text.UART_RxISR_16BIT
                0x0000000008010952      0x160 ./Drivers/STM32H7xx_HAL_Driver/Src/stm32h7xx_hal_uart.o
 *fill*         0x0000000008010ab2        0x2 
 .text.UART_RxISR_8BIT_FIFOEN
                0x0000000008010ab4      0x2f8 ./Drivers/STM32H7xx_HAL_Driver/Src/stm32h7xx_hal_uart.o
 .text.UART_RxISR_16BIT_FIFOEN
                0x0000000008010dac      0x300 ./Drivers/STM32H7xx_HAL_Driver/Src/stm32h7xx_hal_uart.o
 .text.HAL_UARTEx_WakeupCallback
                0x00000000080110ac       0x14 ./Drivers/STM32H7xx_HAL_Driver/Src/stm32h7xx_hal_uart_ex.o
                0x00000000080110ac                HAL_UARTEx_WakeupCallback
 .text.HAL_UARTEx_RxFifoFullCallback
                0x00000000080110c0       0x14 ./Drivers/STM32H7xx_HAL_Driver/Src/stm32h7xx_hal_uart_ex.o
                0x00000000080110c0                HAL_UARTEx_RxFifoFullCallback
 .text.HAL_UARTEx_TxFifoEmptyCallback
                0x00000000080110d4       0x14 ./Drivers/STM32H7xx_HAL_Driver/Src/stm32h7xx_hal_uart_ex.o
                0x00000000080110d4                HAL_UARTEx_TxFifoEmptyCallback
 .text.HAL_UARTEx_DisableFifoMode
                0x00000000080110e8       0x72 ./Drivers/STM32H7xx_HAL_Driver/Src/stm32h7xx_hal_uart_ex.o
                0x00000000080110e8                HAL_UARTEx_DisableFifoMode
 .text.HAL_UARTEx_SetTxFifoThreshold
                0x000000000801115a       0x7c ./Drivers/STM32H7xx_HAL_Driver/Src/stm32h7xx_hal_uart_ex.o
                0x000000000801115a                HAL_UARTEx_SetTxFifoThreshold
 .text.HAL_UARTEx_SetRxFifoThreshold
                0x00000000080111d6       0x7c ./Drivers/STM32H7xx_HAL_Driver/Src/stm32h7xx_hal_uart_ex.o
                0x00000000080111d6                HAL_UARTEx_SetRxFifoThreshold
 *fill*         0x0000000008011252        0x2 
 .text.UARTEx_SetNbDataToProcess
                0x0000000008011254       0x9c ./Drivers/STM32H7xx_HAL_Driver/Src/stm32h7xx_hal_uart_ex.o
 .text.USB_CoreInit
                0x00000000080112f0       0xdc ./Drivers/STM32H7xx_HAL_Driver/Src/stm32h7xx_ll_usb.o
                0x00000000080112f0                USB_CoreInit
 .text.USB_DisableGlobalInt
                0x00000000080113cc       0x22 ./Drivers/STM32H7xx_HAL_Driver/Src/stm32h7xx_ll_usb.o
                0x00000000080113cc                USB_DisableGlobalInt
 .text.USB_SetCurrentMode
                0x00000000080113ee       0x98 ./Drivers/STM32H7xx_HAL_Driver/Src/stm32h7xx_ll_usb.o
                0x00000000080113ee                USB_SetCurrentMode
 *fill*         0x0000000008011486        0x2 
 .text.USB_FlushTxFifo
                0x0000000008011488       0x68 ./Drivers/STM32H7xx_HAL_Driver/Src/stm32h7xx_ll_usb.o
                0x0000000008011488                USB_FlushTxFifo
 .text.USB_FlushRxFifo
                0x00000000080114f0       0x60 ./Drivers/STM32H7xx_HAL_Driver/Src/stm32h7xx_ll_usb.o
                0x00000000080114f0                USB_FlushRxFifo
 .text.USB_GetMode
                0x0000000008011550       0x1c ./Drivers/STM32H7xx_HAL_Driver/Src/stm32h7xx_ll_usb.o
                0x0000000008011550                USB_GetMode
 .text.USB_CoreReset
                0x000000000801156c       0x68 ./Drivers/STM32H7xx_HAL_Driver/Src/stm32h7xx_ll_usb.o
 .text.USB_HostInit
                0x00000000080115d4      0x174 ./Drivers/STM32H7xx_HAL_Driver/Src/stm32h7xx_ll_usb.o
                0x00000000080115d4                USB_HostInit
 .text.__errno  0x0000000008011748        0xc d:/program files (x86)/stmicroelectronics/stm32cubeide_1.4.0/stm32cubeide/plugins/com.st.stm32cube.ide.mcu.externaltools.gnu-tools-for-stm32.10.3-2021.10.win32_1.0.0.202111181127/tools/bin/../lib/gcc/arm-none-eabi/10.3.1/../../../../arm-none-eabi/lib/thumb/v7e-m+dp/hard\libc_nano.a(lib_a-errno.o)
                0x0000000008011748                __errno
 .text.__libc_init_array
                0x0000000008011754       0x48 d:/program files (x86)/stmicroelectronics/stm32cubeide_1.4.0/stm32cubeide/plugins/com.st.stm32cube.ide.mcu.externaltools.gnu-tools-for-stm32.10.3-2021.10.win32_1.0.0.202111181127/tools/bin/../lib/gcc/arm-none-eabi/10.3.1/../../../../arm-none-eabi/lib/thumb/v7e-m+dp/hard\libc_nano.a(lib_a-init.o)
                0x0000000008011754                __libc_init_array
 .text.memset   0x000000000801179c       0x10 d:/program files (x86)/stmicroelectronics/stm32cubeide_1.4.0/stm32cubeide/plugins/com.st.stm32cube.ide.mcu.externaltools.gnu-tools-for-stm32.10.3-2021.10.win32_1.0.0.202111181127/tools/bin/../lib/gcc/arm-none-eabi/10.3.1/../../../../arm-none-eabi/lib/thumb/v7e-m+dp/hard\libc_nano.a(lib_a-memset.o)
                0x000000000801179c                memset
 .text.sprintf  0x00000000080117ac       0x40 d:/program files (x86)/stmicroelectronics/stm32cubeide_1.4.0/stm32cubeide/plugins/com.st.stm32cube.ide.mcu.externaltools.gnu-tools-for-stm32.10.3-2021.10.win32_1.0.0.202111181127/tools/bin/../lib/gcc/arm-none-eabi/10.3.1/../../../../arm-none-eabi/lib/thumb/v7e-m+dp/hard\libc_nano.a(lib_a-sprintf.o)
                0x00000000080117ac                siprintf
                0x00000000080117ac                sprintf
 .text.__ssputs_r
                0x00000000080117ec       0xb6 d:/program files (x86)/stmicroelectronics/stm32cubeide_1.4.0/stm32cubeide/plugins/com.st.stm32cube.ide.mcu.externaltools.gnu-tools-for-stm32.10.3-2021.10.win32_1.0.0.202111181127/tools/bin/../lib/gcc/arm-none-eabi/10.3.1/../../../../arm-none-eabi/lib/thumb/v7e-m+dp/hard\libc_nano.a(lib_a-nano-svfprintf.o)
                0x00000000080117ec                __ssputs_r
 *fill*         0x00000000080118a2        0x2 
 .text._svfprintf_r
                0x00000000080118a4      0x200 d:/program files (x86)/stmicroelectronics/stm32cubeide_1.4.0/stm32cubeide/plugins/com.st.stm32cube.ide.mcu.externaltools.gnu-tools-for-stm32.10.3-2021.10.win32_1.0.0.202111181127/tools/bin/../lib/gcc/arm-none-eabi/10.3.1/../../../../arm-none-eabi/lib/thumb/v7e-m+dp/hard\libc_nano.a(lib_a-nano-svfprintf.o)
                0x00000000080118a4                _svfiprintf_r
                0x00000000080118a4                _svfprintf_r
 .text._printf_common
                0x0000000008011aa4       0xda d:/program files (x86)/stmicroelectronics/stm32cubeide_1.4.0/stm32cubeide/plugins/com.st.stm32cube.ide.mcu.externaltools.gnu-tools-for-stm32.10.3-2021.10.win32_1.0.0.202111181127/tools/bin/../lib/gcc/arm-none-eabi/10.3.1/../../../../arm-none-eabi/lib/thumb/v7e-m+dp/hard\libc_nano.a(lib_a-nano-vfprintf_i.o)
                0x0000000008011aa4                _printf_common
 *fill*         0x0000000008011b7e        0x2 
 .text._printf_i
                0x0000000008011b80      0x24c d:/program files (x86)/stmicroelectronics/stm32cubeide_1.4.0/stm32cubeide/plugins/com.st.stm32cube.ide.mcu.externaltools.gnu-tools-for-stm32.10.3-2021.10.win32_1.0.0.202111181127/tools/bin/../lib/gcc/arm-none-eabi/10.3.1/../../../../arm-none-eabi/lib/thumb/v7e-m+dp/hard\libc_nano.a(lib_a-nano-vfprintf_i.o)
                0x0000000008011b80                _printf_i
 .text.memcpy   0x0000000008011dcc       0x1c d:/program files (x86)/stmicroelectronics/stm32cubeide_1.4.0/stm32cubeide/plugins/com.st.stm32cube.ide.mcu.externaltools.gnu-tools-for-stm32.10.3-2021.10.win32_1.0.0.202111181127/tools/bin/../lib/gcc/arm-none-eabi/10.3.1/../../../../arm-none-eabi/lib/thumb/v7e-m+dp/hard\libc_nano.a(lib_a-memcpy-stub.o)
                0x0000000008011dcc                memcpy
 .text.memmove  0x0000000008011de8       0x34 d:/program files (x86)/stmicroelectronics/stm32cubeide_1.4.0/stm32cubeide/plugins/com.st.stm32cube.ide.mcu.externaltools.gnu-tools-for-stm32.10.3-2021.10.win32_1.0.0.202111181127/tools/bin/../lib/gcc/arm-none-eabi/10.3.1/../../../../arm-none-eabi/lib/thumb/v7e-m+dp/hard\libc_nano.a(lib_a-memmove.o)
                0x0000000008011de8                memmove
 .text._free_r  0x0000000008011e1c       0x98 d:/program files (x86)/stmicroelectronics/stm32cubeide_1.4.0/stm32cubeide/plugins/com.st.stm32cube.ide.mcu.externaltools.gnu-tools-for-stm32.10.3-2021.10.win32_1.0.0.202111181127/tools/bin/../lib/gcc/arm-none-eabi/10.3.1/../../../../arm-none-eabi/lib/thumb/v7e-m+dp/hard\libc_nano.a(lib_a-nano-freer.o)
                0x0000000008011e1c                _free_r
 .text.sbrk_aligned
                0x0000000008011eb4       0x40 d:/program files (x86)/stmicroelectronics/stm32cubeide_1.4.0/stm32cubeide/plugins/com.st.stm32cube.ide.mcu.externaltools.gnu-tools-for-stm32.10.3-2021.10.win32_1.0.0.202111181127/tools/bin/../lib/gcc/arm-none-eabi/10.3.1/../../../../arm-none-eabi/lib/thumb/v7e-m+dp/hard\libc_nano.a(lib_a-nano-mallocr.o)
 .text._malloc_r
                0x0000000008011ef4       0xe8 d:/program files (x86)/stmicroelectronics/stm32cubeide_1.4.0/stm32cubeide/plugins/com.st.stm32cube.ide.mcu.externaltools.gnu-tools-for-stm32.10.3-2021.10.win32_1.0.0.202111181127/tools/bin/../lib/gcc/arm-none-eabi/10.3.1/../../../../arm-none-eabi/lib/thumb/v7e-m+dp/hard\libc_nano.a(lib_a-nano-mallocr.o)
                0x0000000008011ef4                _malloc_r
 .text._realloc_r
                0x0000000008011fdc       0x5e d:/program files (x86)/stmicroelectronics/stm32cubeide_1.4.0/stm32cubeide/plugins/com.st.stm32cube.ide.mcu.externaltools.gnu-tools-for-stm32.10.3-2021.10.win32_1.0.0.202111181127/tools/bin/../lib/gcc/arm-none-eabi/10.3.1/../../../../arm-none-eabi/lib/thumb/v7e-m+dp/hard\libc_nano.a(lib_a-nano-reallocr.o)
                0x0000000008011fdc                _realloc_r
 *fill*         0x000000000801203a        0x2 
 .text._sbrk_r  0x000000000801203c       0x20 d:/program files (x86)/stmicroelectronics/stm32cubeide_1.4.0/stm32cubeide/plugins/com.st.stm32cube.ide.mcu.externaltools.gnu-tools-for-stm32.10.3-2021.10.win32_1.0.0.202111181127/tools/bin/../lib/gcc/arm-none-eabi/10.3.1/../../../../arm-none-eabi/lib/thumb/v7e-m+dp/hard\libc_nano.a(lib_a-sbrkr.o)
                0x000000000801203c                _sbrk_r
 .text.__malloc_lock
                0x000000000801205c        0xc d:/program files (x86)/stmicroelectronics/stm32cubeide_1.4.0/stm32cubeide/plugins/com.st.stm32cube.ide.mcu.externaltools.gnu-tools-for-stm32.10.3-2021.10.win32_1.0.0.202111181127/tools/bin/../lib/gcc/arm-none-eabi/10.3.1/../../../../arm-none-eabi/lib/thumb/v7e-m+dp/hard\libc_nano.a(lib_a-mlock.o)
                0x000000000801205c                __malloc_lock
 .text.__malloc_unlock
                0x0000000008012068        0xc d:/program files (x86)/stmicroelectronics/stm32cubeide_1.4.0/stm32cubeide/plugins/com.st.stm32cube.ide.mcu.externaltools.gnu-tools-for-stm32.10.3-2021.10.win32_1.0.0.202111181127/tools/bin/../lib/gcc/arm-none-eabi/10.3.1/../../../../arm-none-eabi/lib/thumb/v7e-m+dp/hard\libc_nano.a(lib_a-mlock.o)
                0x0000000008012068                __malloc_unlock
 .text._malloc_usable_size_r
                0x0000000008012074       0x10 d:/program files (x86)/stmicroelectronics/stm32cubeide_1.4.0/stm32cubeide/plugins/com.st.stm32cube.ide.mcu.externaltools.gnu-tools-for-stm32.10.3-2021.10.win32_1.0.0.202111181127/tools/bin/../lib/gcc/arm-none-eabi/10.3.1/../../../../arm-none-eabi/lib/thumb/v7e-m+dp/hard\libc_nano.a(lib_a-nano-msizer.o)
                0x0000000008012074                _malloc_usable_size_r
 .text.__retarget_lock_acquire_recursive
                0x0000000008012084        0x2 d:/program files (x86)/stmicroelectronics/stm32cubeide_1.4.0/stm32cubeide/plugins/com.st.stm32cube.ide.mcu.externaltools.gnu-tools-for-stm32.10.3-2021.10.win32_1.0.0.202111181127/tools/bin/../lib/gcc/arm-none-eabi/10.3.1/../../../../arm-none-eabi/lib/thumb/v7e-m+dp/hard\libc_nano.a(lib_a-lock.o)
                0x0000000008012084                __retarget_lock_acquire_recursive
 .text.__retarget_lock_release_recursive
                0x0000000008012086        0x2 d:/program files (x86)/stmicroelectronics/stm32cubeide_1.4.0/stm32cubeide/plugins/com.st.stm32cube.ide.mcu.externaltools.gnu-tools-for-stm32.10.3-2021.10.win32_1.0.0.202111181127/tools/bin/../lib/gcc/arm-none-eabi/10.3.1/../../../../arm-none-eabi/lib/thumb/v7e-m+dp/hard\libc_nano.a(lib_a-lock.o)
                0x0000000008012086                __retarget_lock_release_recursive
 *(.glue_7)
 .glue_7        0x0000000008012088        0x0 linker stubs
 *(.glue_7t)
 .glue_7t       0x0000000008012088        0x0 linker stubs
 *(.eh_frame)
 .eh_frame      0x0000000008012088        0x0 d:/program files (x86)/stmicroelectronics/stm32cubeide_1.4.0/stm32cubeide/plugins/com.st.stm32cube.ide.mcu.externaltools.gnu-tools-for-stm32.10.3-2021.10.win32_1.0.0.202111181127/tools/bin/../lib/gcc/arm-none-eabi/10.3.1/thumb/v7e-m+dp/hard/crtbegin.o
 *(.init)
 .init          0x0000000008012088        0x4 d:/program files (x86)/stmicroelectronics/stm32cubeide_1.4.0/stm32cubeide/plugins/com.st.stm32cube.ide.mcu.externaltools.gnu-tools-for-stm32.10.3-2021.10.win32_1.0.0.202111181127/tools/bin/../lib/gcc/arm-none-eabi/10.3.1/thumb/v7e-m+dp/hard/crti.o
                0x0000000008012088                _init
 .init          0x000000000801208c        0x8 d:/program files (x86)/stmicroelectronics/stm32cubeide_1.4.0/stm32cubeide/plugins/com.st.stm32cube.ide.mcu.externaltools.gnu-tools-for-stm32.10.3-2021.10.win32_1.0.0.202111181127/tools/bin/../lib/gcc/arm-none-eabi/10.3.1/thumb/v7e-m+dp/hard/crtn.o
 *(.fini)
 .fini          0x0000000008012094        0x4 d:/program files (x86)/stmicroelectronics/stm32cubeide_1.4.0/stm32cubeide/plugins/com.st.stm32cube.ide.mcu.externaltools.gnu-tools-for-stm32.10.3-2021.10.win32_1.0.0.202111181127/tools/bin/../lib/gcc/arm-none-eabi/10.3.1/thumb/v7e-m+dp/hard/crti.o
                0x0000000008012094                _fini
 .fini          0x0000000008012098        0x8 d:/program files (x86)/stmicroelectronics/stm32cubeide_1.4.0/stm32cubeide/plugins/com.st.stm32cube.ide.mcu.externaltools.gnu-tools-for-stm32.10.3-2021.10.win32_1.0.0.202111181127/tools/bin/../lib/gcc/arm-none-eabi/10.3.1/thumb/v7e-m+dp/hard/crtn.o
                0x00000000080120a0                . = ALIGN (0x4)
                0x00000000080120a0                _etext = .

.vfp11_veneer   0x00000000080120a0        0x0
 .vfp11_veneer  0x00000000080120a0        0x0 linker stubs

.v4_bx          0x00000000080120a0        0x0
 .v4_bx         0x00000000080120a0        0x0 linker stubs

.iplt           0x00000000080120a0        0x0
 .iplt          0x00000000080120a0        0x0 d:/program files (x86)/stmicroelectronics/stm32cubeide_1.4.0/stm32cubeide/plugins/com.st.stm32cube.ide.mcu.externaltools.gnu-tools-for-stm32.10.3-2021.10.win32_1.0.0.202111181127/tools/bin/../lib/gcc/arm-none-eabi/10.3.1/thumb/v7e-m+dp/hard/crtbegin.o

.rodata         0x00000000080120a0      0x3ac
                0x00000000080120a0                . = ALIGN (0x4)
 *(.rodata)
 .rodata        0x00000000080120a0      0x135 ./Core/Src/main.o
 *(.rodata*)
 *fill*         0x00000000080121d5        0x3 
 .rodata.midi_note_freq
                0x00000000080121d8      0x200 ./Core/Src/midi.o
                0x00000000080121d8                midi_note_freq
 .rodata.D1CorePrescTable
                0x00000000080123d8       0x10 ./Core/Src/system_stm32h7xx.o
                0x00000000080123d8                D1CorePrescTable
 .rodata.flagBitshiftOffset.0
                0x00000000080123e8        0x8 ./Drivers/STM32H7xx_HAL_Driver/Src/stm32h7xx_hal_dma.o
 .rodata.UARTPrescTable
                0x00000000080123f0       0x18 ./Drivers/STM32H7xx_HAL_Driver/Src/stm32h7xx_hal_uart.o
                0x00000000080123f0                UARTPrescTable
 .rodata.numerator.1
                0x0000000008012408        0x8 ./Drivers/STM32H7xx_HAL_Driver/Src/stm32h7xx_hal_uart_ex.o
 .rodata.denominator.0
                0x0000000008012410        0x8 ./Drivers/STM32H7xx_HAL_Driver/Src/stm32h7xx_hal_uart_ex.o
 .rodata._svfprintf_r.str1.1
                0x0000000008012418       0x11 d:/program files (x86)/stmicroelectronics/stm32cubeide_1.4.0/stm32cubeide/plugins/com.st.stm32cube.ide.mcu.externaltools.gnu-tools-for-stm32.10.3-2021.10.win32_1.0.0.202111181127/tools/bin/../lib/gcc/arm-none-eabi/10.3.1/../../../../arm-none-eabi/lib/thumb/v7e-m+dp/hard\libc_nano.a(lib_a-nano-svfprintf.o)
 .rodata._printf_i.str1.1
                0x0000000008012429       0x22 d:/program files (x86)/stmicroelectronics/stm32cubeide_1.4.0/stm32cubeide/plugins/com.st.stm32cube.ide.mcu.externaltools.gnu-tools-for-stm32.10.3-2021.10.win32_1.0.0.202111181127/tools/bin/../lib/gcc/arm-none-eabi/10.3.1/../../../../arm-none-eabi/lib/thumb/v7e-m+dp/hard\libc_nano.a(lib_a-nano-vfprintf_i.o)
                0x000000000801244c                . = ALIGN (0x4)
 *fill*         0x000000000801244b        0x1 

.ARM.extab      0x000000000801244c        0x0
                0x000000000801244c                . = ALIGN (0x4)
 *(.ARM.extab* .gnu.linkonce.armextab.*)
                0x000000000801244c                . = ALIGN (0x4)

.ARM            0x000000000801244c        0x8
                0x000000000801244c                . = ALIGN (0x4)
                0x000000000801244c                __exidx_start = .
 *(.ARM.exidx*)
 .ARM.exidx     0x000000000801244c        0x8 d:/program files (x86)/stmicroelectronics/stm32cubeide_1.4.0/stm32cubeide/plugins/com.st.stm32cube.ide.mcu.externaltools.gnu-tools-for-stm32.10.3-2021.10.win32_1.0.0.202111181127/tools/bin/../lib/gcc/arm-none-eabi/10.3.1/thumb/v7e-m+dp/hard\libgcc.a(_udivmoddi4.o)
                0x0000000008012454                __exidx_end = .
                0x0000000008012454                . = ALIGN (0x4)

.rel.dyn        0x0000000008012454        0x0
 .rel.iplt      0x0000000008012454        0x0 d:/program files (x86)/stmicroelectronics/stm32cubeide_1.4.0/stm32cubeide/plugins/com.st.stm32cube.ide.mcu.externaltools.gnu-tools-for-stm32.10.3-2021.10.win32_1.0.0.202111181127/tools/bin/../lib/gcc/arm-none-eabi/10.3.1/thumb/v7e-m+dp/hard/crtbegin.o

.preinit_array  0x0000000008012454        0x0
                0x0000000008012454                . = ALIGN (0x4)
                0x0000000008012454                PROVIDE (__preinit_array_start = .)
 *(.preinit_array*)
                0x0000000008012454                PROVIDE (__preinit_array_end = .)
                0x0000000008012454                . = ALIGN (0x4)

.init_array     0x0000000008012454        0x4
                0x0000000008012454                . = ALIGN (0x4)
                0x0000000008012454                PROVIDE (__init_array_start = .)
 *(SORT_BY_NAME(.init_array.*))
 *(.init_array*)
 .init_array    0x0000000008012454        0x4 d:/program files (x86)/stmicroelectronics/stm32cubeide_1.4.0/stm32cubeide/plugins/com.st.stm32cube.ide.mcu.externaltools.gnu-tools-for-stm32.10.3-2021.10.win32_1.0.0.202111181127/tools/bin/../lib/gcc/arm-none-eabi/10.3.1/thumb/v7e-m+dp/hard/crtbegin.o
                0x0000000008012458                PROVIDE (__init_array_end = .)
                0x0000000008012458                . = ALIGN (0x4)

.fini_array     0x0000000008012458        0x4
                0x0000000008012458                . = ALIGN (0x4)
                [!provide]                        PROVIDE (__fini_array_start = .)
 *(SORT_BY_NAME(.fini_array.*))
 *(.fini_array*)
 .fini_array    0x0000000008012458        0x4 d:/program files (x86)/stmicroelectronics/stm32cubeide_1.4.0/stm32cubeide/plugins/com.st.stm32cube.ide.mcu.externaltools.gnu-tools-for-stm32.10.3-2021.10.win32_1.0.0.202111181127/tools/bin/../lib/gcc/arm-none-eabi/10.3.1/thumb/v7e-m+dp/hard/crtbegin.o
                [!provide]                        PROVIDE (__fini_array_end = .)
                0x000000000801245c                . = ALIGN (0x4)
                0x000000000801245c                _sidata = LOADADDR (.data)

.data           0x0000000024000000      0x474 load address 0x000000000801245c
                0x0000000024000000                . = ALIGN (0x4)
                0x0000000024000000                _sdata = .
 *(.data)
 *(.data*)
 .data.wave_LUT
                0x0000000024000000      0x400 ./Core/Src/main.o
                0x0000000024000000                wave_LUT
 .data.SystemCoreClock
                0x0000000024000400        0x4 ./Core/Src/system_stm32h7xx.o
                0x0000000024000400                SystemCoreClock
 .data.SystemD2Clock
                0x0000000024000404        0x4 ./Core/Src/system_stm32h7xx.o
                0x0000000024000404                SystemD2Clock
 .data.uwTickPrio
                0x0000000024000408        0x4 ./Drivers/STM32H7xx_HAL_Driver/Src/stm32h7xx_hal.o
                0x0000000024000408                uwTickPrio
 .data.uwTickFreq
                0x000000002400040c        0x1 ./Drivers/STM32H7xx_HAL_Driver/Src/stm32h7xx_hal.o
                0x000000002400040c                uwTickFreq
 *fill*         0x000000002400040d        0x3 
 .data._impure_ptr
                0x0000000024000410        0x4 d:/program files (x86)/stmicroelectronics/stm32cubeide_1.4.0/stm32cubeide/plugins/com.st.stm32cube.ide.mcu.externaltools.gnu-tools-for-stm32.10.3-2021.10.win32_1.0.0.202111181127/tools/bin/../lib/gcc/arm-none-eabi/10.3.1/../../../../arm-none-eabi/lib/thumb/v7e-m+dp/hard\libc_nano.a(lib_a-impure.o)
                0x0000000024000410                _impure_ptr
 .data.impure_data
                0x0000000024000414       0x60 d:/program files (x86)/stmicroelectronics/stm32cubeide_1.4.0/stm32cubeide/plugins/com.st.stm32cube.ide.mcu.externaltools.gnu-tools-for-stm32.10.3-2021.10.win32_1.0.0.202111181127/tools/bin/../lib/gcc/arm-none-eabi/10.3.1/../../../../arm-none-eabi/lib/thumb/v7e-m+dp/hard\libc_nano.a(lib_a-impure.o)
 *(.RamFunc)
 *(.RamFunc*)
                0x0000000024000474                . = ALIGN (0x4)
                0x0000000024000474                _edata = .

.igot.plt       0x0000000024000474        0x0 load address 0x00000000080128d0
 .igot.plt      0x0000000024000474        0x0 d:/program files (x86)/stmicroelectronics/stm32cubeide_1.4.0/stm32cubeide/plugins/com.st.stm32cube.ide.mcu.externaltools.gnu-tools-for-stm32.10.3-2021.10.win32_1.0.0.202111181127/tools/bin/../lib/gcc/arm-none-eabi/10.3.1/thumb/v7e-m+dp/hard/crtbegin.o
                0x0000000024000474                . = ALIGN (0x4)

.bss            0x0000000024000474      0xd60 load address 0x00000000080128d0
                0x0000000024000474                _sbss = .
                0x0000000024000474                __bss_start__ = _sbss
 *(.bss)
 .bss           0x0000000024000474       0x1c d:/program files (x86)/stmicroelectronics/stm32cubeide_1.4.0/stm32cubeide/plugins/com.st.stm32cube.ide.mcu.externaltools.gnu-tools-for-stm32.10.3-2021.10.win32_1.0.0.202111181127/tools/bin/../lib/gcc/arm-none-eabi/10.3.1/thumb/v7e-m+dp/hard/crtbegin.o
 *(.bss*)
 .bss.hadc3     0x0000000024000490       0x64 ./Core/Src/adc.o
                0x0000000024000490                hadc3
 .bss.hltdc     0x00000000240004f4       0xa8 ./Core/Src/ltdc.o
                0x00000000240004f4                hltdc
 .bss.UART_unread
                0x000000002400059c        0x1 ./Core/Src/main.o
                0x000000002400059c                UART_unread
 *fill*         0x000000002400059d        0x3 
 .bss.UART_rx_buff
                0x00000000240005a0        0xa ./Core/Src/main.o
                0x00000000240005a0                UART_rx_buff
 .bss.MIDI_unread
                0x00000000240005aa        0x1 ./Core/Src/main.o
                0x00000000240005aa                MIDI_unread
 *fill*         0x00000000240005ab        0x1 
 .bss.MIDI_rx_buff
                0x00000000240005ac        0xa ./Core/Src/main.o
                0x00000000240005ac                MIDI_rx_buff
 .bss.SAI_transmit_done
                0x00000000240005b6        0x1 ./Core/Src/main.o
                0x00000000240005b6                SAI_transmit_done
 .bss.available_buff
                0x00000000240005b7        0x1 ./Core/Src/main.o
                0x00000000240005b7                available_buff
 .bss.samples_buff_TX
                0x00000000240005b8      0x200 ./Core/Src/main.o
                0x00000000240005b8                samples_buff_TX
 .bss.samples_buff_RX
                0x00000000240007b8      0x200 ./Core/Src/main.o
                0x00000000240007b8                samples_buff_RX
 .bss.adc_val   0x00000000240009b8        0x4 ./Core/Src/main.o
                0x00000000240009b8                adc_val
 .bss.ADC_msg_unread
                0x00000000240009bc        0x1 ./Core/Src/main.o
                0x00000000240009bc                ADC_msg_unread
 *fill*         0x00000000240009bd        0x3 
 .bss.ADC_channel
                0x00000000240009c0        0x4 ./Core/Src/main.o
                0x00000000240009c0                ADC_channel
 .bss.data_count.1
                0x00000000240009c4        0x1 ./Core/Src/midi.o
 *fill*         0x00000000240009c5        0x3 
 .bss.tmp_event.0
                0x00000000240009c8        0x3 ./Core/Src/midi.o
 *fill*         0x00000000240009cb        0x1 
 .bss.hqspi     0x00000000240009cc       0x4c ./Core/Src/quadspi.o
                0x00000000240009cc                hqspi
 .bss.hsai_BlockA1
                0x0000000024000a18       0x98 ./Core/Src/sai.o
                0x0000000024000a18                hsai_BlockA1
 .bss.hsai_BlockB1
                0x0000000024000ab0       0x98 ./Core/Src/sai.o
                0x0000000024000ab0                hsai_BlockB1
 .bss.hdma_sai1_a
                0x0000000024000b48       0x78 ./Core/Src/sai.o
                0x0000000024000b48                hdma_sai1_a
 .bss.hdma_sai1_b
                0x0000000024000bc0       0x78 ./Core/Src/sai.o
                0x0000000024000bc0                hdma_sai1_b
 .bss.SAI1_client
                0x0000000024000c38        0x4 ./Core/Src/sai.o
 .bss.hspi1     0x0000000024000c3c       0x88 ./Core/Src/spi.o
                0x0000000024000c3c                hspi1
 .bss.hspi4     0x0000000024000cc4       0x88 ./Core/Src/spi.o
                0x0000000024000cc4                hspi4
 .bss.__sbrk_heap_end
                0x0000000024000d4c        0x4 ./Core/Src/sysmem.o
 .bss.htim2     0x0000000024000d50       0x4c ./Core/Src/tim.o
                0x0000000024000d50                htim2
 .bss.huart4    0x0000000024000d9c       0x90 ./Core/Src/usart.o
                0x0000000024000d9c                huart4
 .bss.huart5    0x0000000024000e2c       0x90 ./Core/Src/usart.o
                0x0000000024000e2c                huart5
 .bss.hhcd_USB_OTG_FS
                0x0000000024000ebc      0x304 ./Core/Src/usb_otg.o
                0x0000000024000ebc                hhcd_USB_OTG_FS
 .bss.uwTick    0x00000000240011c0        0x4 ./Drivers/STM32H7xx_HAL_Driver/Src/stm32h7xx_hal.o
                0x00000000240011c0                uwTick
 .bss.__malloc_free_list
                0x00000000240011c4        0x4 d:/program files (x86)/stmicroelectronics/stm32cubeide_1.4.0/stm32cubeide/plugins/com.st.stm32cube.ide.mcu.externaltools.gnu-tools-for-stm32.10.3-2021.10.win32_1.0.0.202111181127/tools/bin/../lib/gcc/arm-none-eabi/10.3.1/../../../../arm-none-eabi/lib/thumb/v7e-m+dp/hard\libc_nano.a(lib_a-nano-mallocr.o)
                0x00000000240011c4                __malloc_free_list
 .bss.__malloc_sbrk_start
                0x00000000240011c8        0x4 d:/program files (x86)/stmicroelectronics/stm32cubeide_1.4.0/stm32cubeide/plugins/com.st.stm32cube.ide.mcu.externaltools.gnu-tools-for-stm32.10.3-2021.10.win32_1.0.0.202111181127/tools/bin/../lib/gcc/arm-none-eabi/10.3.1/../../../../arm-none-eabi/lib/thumb/v7e-m+dp/hard\libc_nano.a(lib_a-nano-mallocr.o)
                0x00000000240011c8                __malloc_sbrk_start
 .bss.errno     0x00000000240011cc        0x4 d:/program files (x86)/stmicroelectronics/stm32cubeide_1.4.0/stm32cubeide/plugins/com.st.stm32cube.ide.mcu.externaltools.gnu-tools-for-stm32.10.3-2021.10.win32_1.0.0.202111181127/tools/bin/../lib/gcc/arm-none-eabi/10.3.1/../../../../arm-none-eabi/lib/thumb/v7e-m+dp/hard\libc_nano.a(lib_a-reent.o)
                0x00000000240011cc                errno
 .bss.__lock___malloc_recursive_mutex
                0x00000000240011d0        0x1 d:/program files (x86)/stmicroelectronics/stm32cubeide_1.4.0/stm32cubeide/plugins/com.st.stm32cube.ide.mcu.externaltools.gnu-tools-for-stm32.10.3-2021.10.win32_1.0.0.202111181127/tools/bin/../lib/gcc/arm-none-eabi/10.3.1/../../../../arm-none-eabi/lib/thumb/v7e-m+dp/hard\libc_nano.a(lib_a-lock.o)
                0x00000000240011d0                __lock___malloc_recursive_mutex
 *(COMMON)
                0x00000000240011d4                . = ALIGN (0x4)
 *fill*         0x00000000240011d1        0x3 
                0x00000000240011d4                _ebss = .
                0x00000000240011d4                __bss_end__ = _ebss

._user_heap_stack
                0x00000000240011d4      0x604 load address 0x00000000080128d0
                0x00000000240011d8                . = ALIGN (0x8)
 *fill*         0x00000000240011d4        0x4 
                [!provide]                        PROVIDE (end = .)
                0x00000000240011d8                PROVIDE (_end = .)
                0x00000000240013d8                . = (. + _Min_Heap_Size)
 *fill*         0x00000000240011d8      0x200 
                0x00000000240017d8                . = (. + _Min_Stack_Size)
 *fill*         0x00000000240013d8      0x400 
                0x00000000240017d8                . = ALIGN (0x8)

/DISCARD/
 libc.a(*)
 libm.a(*)
 libgcc.a(*)

.ARM.attributes
                0x0000000000000000       0x2e
 *(.ARM.attributes)
 .ARM.attributes
                0x0000000000000000       0x1e d:/program files (x86)/stmicroelectronics/stm32cubeide_1.4.0/stm32cubeide/plugins/com.st.stm32cube.ide.mcu.externaltools.gnu-tools-for-stm32.10.3-2021.10.win32_1.0.0.202111181127/tools/bin/../lib/gcc/arm-none-eabi/10.3.1/thumb/v7e-m+dp/hard/crti.o
 .ARM.attributes
                0x000000000000001e       0x32 d:/program files (x86)/stmicroelectronics/stm32cubeide_1.4.0/stm32cubeide/plugins/com.st.stm32cube.ide.mcu.externaltools.gnu-tools-for-stm32.10.3-2021.10.win32_1.0.0.202111181127/tools/bin/../lib/gcc/arm-none-eabi/10.3.1/thumb/v7e-m+dp/hard/crtbegin.o
 .ARM.attributes
                0x0000000000000050       0x32 ./Core/Src/adc.o
 .ARM.attributes
                0x0000000000000082       0x32 ./Core/Src/dma.o
 .ARM.attributes
                0x00000000000000b4       0x32 ./Core/Src/gpio.o
 .ARM.attributes
                0x00000000000000e6       0x32 ./Core/Src/ltdc.o
 .ARM.attributes
                0x0000000000000118       0x32 ./Core/Src/main.o
 .ARM.attributes
                0x000000000000014a       0x32 ./Core/Src/midi.o
 .ARM.attributes
                0x000000000000017c       0x32 ./Core/Src/pcm3168a.o
 .ARM.attributes
                0x00000000000001ae       0x32 ./Core/Src/qsynth_lib.o
 .ARM.attributes
                0x00000000000001e0       0x32 ./Core/Src/quadspi.o
 .ARM.attributes
                0x0000000000000212       0x32 ./Core/Src/sai.o
 .ARM.attributes
                0x0000000000000244       0x32 ./Core/Src/spi.o
 .ARM.attributes
                0x0000000000000276       0x32 ./Core/Src/stm32h7xx_hal_msp.o
 .ARM.attributes
                0x00000000000002a8       0x32 ./Core/Src/stm32h7xx_it.o
 .ARM.attributes
                0x00000000000002da       0x32 ./Core/Src/sysmem.o
 .ARM.attributes
                0x000000000000030c       0x32 ./Core/Src/system_stm32h7xx.o
 .ARM.attributes
                0x000000000000033e       0x32 ./Core/Src/tim.o
 .ARM.attributes
                0x0000000000000370       0x32 ./Core/Src/usart.o
 .ARM.attributes
                0x00000000000003a2       0x32 ./Core/Src/usb_otg.o
 .ARM.attributes
                0x00000000000003d4       0x21 ./Core/Startup/startup_stm32h743zitx.o
 .ARM.attributes
                0x00000000000003f5       0x32 ./Drivers/STM32H7xx_HAL_Driver/Src/stm32h7xx_hal.o
 .ARM.attributes
                0x0000000000000427       0x32 ./Drivers/STM32H7xx_HAL_Driver/Src/stm32h7xx_hal_adc.o
 .ARM.attributes
                0x0000000000000459       0x32 ./Drivers/STM32H7xx_HAL_Driver/Src/stm32h7xx_hal_adc_ex.o
 .ARM.attributes
                0x000000000000048b       0x32 ./Drivers/STM32H7xx_HAL_Driver/Src/stm32h7xx_hal_cortex.o
 .ARM.attributes
                0x00000000000004bd       0x32 ./Drivers/STM32H7xx_HAL_Driver/Src/stm32h7xx_hal_dma.o
 .ARM.attributes
                0x00000000000004ef       0x32 ./Drivers/STM32H7xx_HAL_Driver/Src/stm32h7xx_hal_gpio.o
 .ARM.attributes
                0x0000000000000521       0x32 ./Drivers/STM32H7xx_HAL_Driver/Src/stm32h7xx_hal_hcd.o
 .ARM.attributes
                0x0000000000000553       0x32 ./Drivers/STM32H7xx_HAL_Driver/Src/stm32h7xx_hal_ltdc.o
 .ARM.attributes
                0x0000000000000585       0x32 ./Drivers/STM32H7xx_HAL_Driver/Src/stm32h7xx_hal_pwr_ex.o
 .ARM.attributes
                0x00000000000005b7       0x32 ./Drivers/STM32H7xx_HAL_Driver/Src/stm32h7xx_hal_qspi.o
 .ARM.attributes
                0x00000000000005e9       0x32 ./Drivers/STM32H7xx_HAL_Driver/Src/stm32h7xx_hal_rcc.o
 .ARM.attributes
                0x000000000000061b       0x32 ./Drivers/STM32H7xx_HAL_Driver/Src/stm32h7xx_hal_rcc_ex.o
 .ARM.attributes
                0x000000000000064d       0x32 ./Drivers/STM32H7xx_HAL_Driver/Src/stm32h7xx_hal_sai.o
 .ARM.attributes
                0x000000000000067f       0x32 ./Drivers/STM32H7xx_HAL_Driver/Src/stm32h7xx_hal_spi.o
 .ARM.attributes
                0x00000000000006b1       0x32 ./Drivers/STM32H7xx_HAL_Driver/Src/stm32h7xx_hal_tim.o
 .ARM.attributes
                0x00000000000006e3       0x32 ./Drivers/STM32H7xx_HAL_Driver/Src/stm32h7xx_hal_tim_ex.o
 .ARM.attributes
                0x0000000000000715       0x32 ./Drivers/STM32H7xx_HAL_Driver/Src/stm32h7xx_hal_uart.o
 .ARM.attributes
                0x0000000000000747       0x32 ./Drivers/STM32H7xx_HAL_Driver/Src/stm32h7xx_hal_uart_ex.o
 .ARM.attributes
                0x0000000000000779       0x32 ./Drivers/STM32H7xx_HAL_Driver/Src/stm32h7xx_ll_usb.o
 .ARM.attributes
                0x00000000000007ab       0x32 d:/program files (x86)/stmicroelectronics/stm32cubeide_1.4.0/stm32cubeide/plugins/com.st.stm32cube.ide.mcu.externaltools.gnu-tools-for-stm32.10.3-2021.10.win32_1.0.0.202111181127/tools/bin/../lib/gcc/arm-none-eabi/10.3.1/../../../../arm-none-eabi/lib/thumb/v7e-m+dp/hard\libc_nano.a(lib_a-errno.o)
 .ARM.attributes
                0x00000000000007dd       0x32 d:/program files (x86)/stmicroelectronics/stm32cubeide_1.4.0/stm32cubeide/plugins/com.st.stm32cube.ide.mcu.externaltools.gnu-tools-for-stm32.10.3-2021.10.win32_1.0.0.202111181127/tools/bin/../lib/gcc/arm-none-eabi/10.3.1/../../../../arm-none-eabi/lib/thumb/v7e-m+dp/hard\libc_nano.a(lib_a-impure.o)
 .ARM.attributes
                0x000000000000080f       0x32 d:/program files (x86)/stmicroelectronics/stm32cubeide_1.4.0/stm32cubeide/plugins/com.st.stm32cube.ide.mcu.externaltools.gnu-tools-for-stm32.10.3-2021.10.win32_1.0.0.202111181127/tools/bin/../lib/gcc/arm-none-eabi/10.3.1/../../../../arm-none-eabi/lib/thumb/v7e-m+dp/hard\libc_nano.a(lib_a-init.o)
 .ARM.attributes
                0x0000000000000841       0x32 d:/program files (x86)/stmicroelectronics/stm32cubeide_1.4.0/stm32cubeide/plugins/com.st.stm32cube.ide.mcu.externaltools.gnu-tools-for-stm32.10.3-2021.10.win32_1.0.0.202111181127/tools/bin/../lib/gcc/arm-none-eabi/10.3.1/../../../../arm-none-eabi/lib/thumb/v7e-m+dp/hard\libc_nano.a(lib_a-memset.o)
 .ARM.attributes
                0x0000000000000873       0x32 d:/program files (x86)/stmicroelectronics/stm32cubeide_1.4.0/stm32cubeide/plugins/com.st.stm32cube.ide.mcu.externaltools.gnu-tools-for-stm32.10.3-2021.10.win32_1.0.0.202111181127/tools/bin/../lib/gcc/arm-none-eabi/10.3.1/../../../../arm-none-eabi/lib/thumb/v7e-m+dp/hard\libc_nano.a(lib_a-sprintf.o)
 .ARM.attributes
                0x00000000000008a5       0x17 d:/program files (x86)/stmicroelectronics/stm32cubeide_1.4.0/stm32cubeide/plugins/com.st.stm32cube.ide.mcu.externaltools.gnu-tools-for-stm32.10.3-2021.10.win32_1.0.0.202111181127/tools/bin/../lib/gcc/arm-none-eabi/10.3.1/../../../../arm-none-eabi/lib/thumb/v7e-m+dp/hard\libc_nano.a(lib_a-strlen.o)
 .ARM.attributes
                0x00000000000008bc       0x32 d:/program files (x86)/stmicroelectronics/stm32cubeide_1.4.0/stm32cubeide/plugins/com.st.stm32cube.ide.mcu.externaltools.gnu-tools-for-stm32.10.3-2021.10.win32_1.0.0.202111181127/tools/bin/../lib/gcc/arm-none-eabi/10.3.1/../../../../arm-none-eabi/lib/thumb/v7e-m+dp/hard\libc_nano.a(lib_a-nano-svfprintf.o)
 .ARM.attributes
                0x00000000000008ee       0x32 d:/program files (x86)/stmicroelectronics/stm32cubeide_1.4.0/stm32cubeide/plugins/com.st.stm32cube.ide.mcu.externaltools.gnu-tools-for-stm32.10.3-2021.10.win32_1.0.0.202111181127/tools/bin/../lib/gcc/arm-none-eabi/10.3.1/../../../../arm-none-eabi/lib/thumb/v7e-m+dp/hard\libc_nano.a(lib_a-nano-vfprintf_i.o)
 .ARM.attributes
                0x0000000000000920       0x1c d:/program files (x86)/stmicroelectronics/stm32cubeide_1.4.0/stm32cubeide/plugins/com.st.stm32cube.ide.mcu.externaltools.gnu-tools-for-stm32.10.3-2021.10.win32_1.0.0.202111181127/tools/bin/../lib/gcc/arm-none-eabi/10.3.1/../../../../arm-none-eabi/lib/thumb/v7e-m+dp/hard\libc_nano.a(lib_a-memchr.o)
 .ARM.attributes